Component: ARM Compiler 5.06 update 1 (build 61) Tool: armlink [4d35a8]

==============================================================================

Section Cross References

    main.o(i.AX_ROBOT_BatteryManagement) refers to ax_vin.o(i.AX_VIN_GetVol_X100) for AX_VIN_GetVol_X100
    main.o(i.AX_ROBOT_BatteryManagement) refers to stm32f10x_gpio.o(i.GPIO_ReadInputDataBit) for GPIO_ReadInputDataBit
    main.o(i.AX_ROBOT_BatteryManagement) refers to stm32f10x_gpio.o(i.GPIO_WriteBit) for GPIO_WriteBit
    main.o(i.AX_ROBOT_BatteryManagement) refers to stm32f10x_gpio.o(i.GPIO_ResetBits) for GPIO_ResetBits
    main.o(i.AX_ROBOT_BatteryManagement) refers to stm32f10x_gpio.o(i.GPIO_SetBits) for GPIO_SetBits
    main.o(i.AX_ROBOT_BatteryManagement) refers to ax_motor.o(i.AX_MOTOR_A_SetSpeed) for AX_MOTOR_A_SetSpeed
    main.o(i.AX_ROBOT_BatteryManagement) refers to ax_motor.o(i.AX_MOTOR_B_SetSpeed) for AX_MOTOR_B_SetSpeed
    main.o(i.AX_ROBOT_BatteryManagement) refers to ax_motor.o(i.AX_MOTOR_C_SetSpeed) for AX_MOTOR_C_SetSpeed
    main.o(i.AX_ROBOT_BatteryManagement) refers to ax_motor.o(i.AX_MOTOR_D_SetSpeed) for AX_MOTOR_D_SetSpeed
    main.o(i.AX_ROBOT_BatteryManagement) refers to ax_delay.o(i.AX_Delayms) for AX_Delayms
    main.o(i.AX_ROBOT_BatteryManagement) refers to main.o(.data) for .data
    main.o(i.AX_ROBOT_GetImuData) refers to ax_mpu6050_dmp.o(i.AX_MPU6050_DMP_GetData) for AX_MPU6050_DMP_GetData
    main.o(i.AX_ROBOT_GetImuData) refers to main.o(.bss) for .bss
    main.o(i.AX_ROBOT_MoveCtl) refers to ax_encoder.o(i.AX_ENCODER_AB_GetCounter) for AX_ENCODER_AB_GetCounter
    main.o(i.AX_ROBOT_MoveCtl) refers to ax_encoder.o(i.AX_ENCODER_CD_GetCounter) for AX_ENCODER_CD_GetCounter
    main.o(i.AX_ROBOT_MoveCtl) refers to ax_encoder.o(i.AX_ENCODER_EF_GetCounter) for AX_ENCODER_EF_GetCounter
    main.o(i.AX_ROBOT_MoveCtl) refers to ax_encoder.o(i.AX_ENCODER_GH_GetCounter) for AX_ENCODER_GH_GetCounter
    main.o(i.AX_ROBOT_MoveCtl) refers to ax_encoder.o(i.AX_ENCODER_AB_SetCounter) for AX_ENCODER_AB_SetCounter
    main.o(i.AX_ROBOT_MoveCtl) refers to ax_encoder.o(i.AX_ENCODER_CD_SetCounter) for AX_ENCODER_CD_SetCounter
    main.o(i.AX_ROBOT_MoveCtl) refers to ax_encoder.o(i.AX_ENCODER_EF_SetCounter) for AX_ENCODER_EF_SetCounter
    main.o(i.AX_ROBOT_MoveCtl) refers to ax_encoder.o(i.AX_ENCODER_GH_SetCounter) for AX_ENCODER_GH_SetCounter
    main.o(i.AX_ROBOT_MoveCtl) refers to ax_kinematics.o(i.AX_Kinematics_Forward) for AX_Kinematics_Forward
    main.o(i.AX_ROBOT_MoveCtl) refers to ax_kinematics.o(i.AX_Kinematics_Inverse) for AX_Kinematics_Inverse
    main.o(i.AX_ROBOT_MoveCtl) refers to ax_pid.o(i.AX_PID_MotorVelocityCtlA) for AX_PID_MotorVelocityCtlA
    main.o(i.AX_ROBOT_MoveCtl) refers to ax_pid.o(i.AX_PID_MotorVelocityCtlB) for AX_PID_MotorVelocityCtlB
    main.o(i.AX_ROBOT_MoveCtl) refers to ax_pid.o(i.AX_PID_MotorVelocityCtlC) for AX_PID_MotorVelocityCtlC
    main.o(i.AX_ROBOT_MoveCtl) refers to ax_pid.o(i.AX_PID_MotorVelocityCtlD) for AX_PID_MotorVelocityCtlD
    main.o(i.AX_ROBOT_MoveCtl) refers to ax_motor.o(i.AX_MOTOR_A_SetSpeed) for AX_MOTOR_A_SetSpeed
    main.o(i.AX_ROBOT_MoveCtl) refers to ax_motor.o(i.AX_MOTOR_B_SetSpeed) for AX_MOTOR_B_SetSpeed
    main.o(i.AX_ROBOT_MoveCtl) refers to ax_motor.o(i.AX_MOTOR_C_SetSpeed) for AX_MOTOR_C_SetSpeed
    main.o(i.AX_ROBOT_MoveCtl) refers to ax_motor.o(i.AX_MOTOR_D_SetSpeed) for AX_MOTOR_D_SetSpeed
    main.o(i.AX_ROBOT_MoveCtl) refers to main.o(.data) for .data
    main.o(i.AX_ROBOT_MoveCtl) refers to main.o(.bss) for .bss
    main.o(i.AX_ROBOT_SendDataToPi) refers to ax_uart_pi.o(i.AX_UART_PI_SendPacket) for AX_UART_PI_SendPacket
    main.o(i.AX_ROBOT_SendDataToPi) refers to main.o(.bss) for .bss
    main.o(i.AX_ROBOT_SendDataToPi) refers to main.o(.data) for .data
    main.o(i.main) refers to misc.o(i.NVIC_PriorityGroupConfig) for NVIC_PriorityGroupConfig
    main.o(i.main) refers to ax_motor.o(i.AX_MOTOR_Init) for AX_MOTOR_Init
    main.o(i.main) refers to ax_delay.o(i.AX_DELAY_Init) for AX_DELAY_Init
    main.o(i.main) refers to ax_sys.o(i.AX_JTAG_Set) for AX_JTAG_Set
    main.o(i.main) refers to ax_led.o(i.AX_LED_Init) for AX_LED_Init
    main.o(i.main) refers to ax_vin.o(i.AX_VIN_Init) for AX_VIN_Init
    main.o(i.main) refers to ax_uart_db.o(i.AX_UART_DB_Init) for AX_UART_DB_Init
    main.o(i.main) refers to ax_uart_pi.o(i.AX_UART_PI_Init) for AX_UART_PI_Init
    main.o(i.main) refers to ax_encoder.o(i.AX_ENCODER_AB_Init) for AX_ENCODER_AB_Init
    main.o(i.main) refers to ax_encoder.o(i.AX_ENCODER_CD_Init) for AX_ENCODER_CD_Init
    main.o(i.main) refers to ax_encoder.o(i.AX_ENCODER_EF_Init) for AX_ENCODER_EF_Init
    main.o(i.main) refers to ax_encoder.o(i.AX_ENCODER_GH_Init) for AX_ENCODER_GH_Init
    main.o(i.main) refers to ax_encoder.o(i.AX_ENCODER_AB_SetCounter) for AX_ENCODER_AB_SetCounter
[...]
    i.USART_Cmd                              0x08003444   Section        0  stm32f10x_usart.o(i.USART_Cmd)
    i.USART_GetFlagStatus                    0x08003458   Section        0  stm32f10x_usart.o(i.USART_GetFlagStatus)
    i.USART_GetITStatus                      0x08003466   Section        0  stm32f10x_usart.o(i.USART_GetITStatus)
    i.USART_ITConfig                         0x080034a4   Section        0  stm32f10x_usart.o(i.USART_ITConfig)
    i.USART_Init                             0x080034d4   Section        0  stm32f10x_usart.o(i.USART_Init)
    i.USART_ReceiveData                      0x08003580   Section        0  stm32f10x_usart.o(i.USART_ReceiveData)
    i.USART_SendData                         0x08003588   Section        0  stm32f10x_usart.o(i.USART_SendData)
    i.UsageFault_Handler                     0x08003590   Section        0  stm32f10x_it.o(i.UsageFault_Handler)
    i.__0printf$1                            0x08003594   Section        0  printf1.o(i.__0printf$1)
    i.__ARM_fpclassify                       0x080035b4   Section        0  fpclassify.o(i.__ARM_fpclassify)
    i.__ieee754_rem_pio2                     0x080035dc   Section        0  rred.o(i.__ieee754_rem_pio2)
    i.__kernel_cos                           0x08003964   Section        0  cos_i.o(i.__kernel_cos)
    i.__kernel_poly                          0x08003a60   Section        0  poly.o(i.__kernel_poly)
    i.__kernel_sin                           0x08003b0c   Section        0  sin_i.o(i.__kernel_sin)
    i.__mathlib_dbl_infnan                   0x08003bf8   Section        0  dunder.o(i.__mathlib_dbl_infnan)
    i.__mathlib_dbl_infnan2                  0x08003bfe   Section        0  dunder.o(i.__mathlib_dbl_infnan2)
    i.__mathlib_dbl_invalid                  0x08003c02   Section        0  dunder.o(i.__mathlib_dbl_invalid)
    i.__mathlib_dbl_underflow                0x08003c10   Section        0  dunder.o(i.__mathlib_dbl_underflow)
    i.__scatterload_copy                     0x08003c20   Section       14  handlers.o(i.__scatterload_copy)
    i.__scatterload_null                     0x08003c2e   Section        2  handlers.o(i.__scatterload_null)
    i.__scatterload_zeroinit                 0x08003c30   Section       14  handlers.o(i.__scatterload_zeroinit)
    i.__set_errno                            0x08003c40   Section        0  errno.o(i.__set_errno)
    i._printf_core                           0x08003c4c   Section        0  printf1.o(i._printf_core)
    _printf_core                             0x08003c4d   Thumb Code   336  printf1.o(i._printf_core)
    i.accel_self_test                        0x08003da0   Section        0  inv_mpu.o(i.accel_self_test)
    accel_self_test                          0x08003da1   Thumb Code   112  inv_mpu.o(i.accel_self_test)
    i.asin                                   0x08003e1c   Section        0  asin.o(i.asin)
    i.atan                                   0x0800408c   Section        0  atan.o(i.atan)
    i.atan2                                  0x080042ac   Section        0  atan2.o(i.atan2)
    i.cos                                    0x0800442c   Section        0  cos.o(i.cos)
    i.dmp_enable_6x_lp_quat                  0x080044c8   Section        0  inv_mpu_dmp_motion_driver.o(i.dmp_enable_6x_lp_quat)
    i.dmp_enable_feature                     0x08004504   Section        0  inv_mpu_dmp_motion_driver.o(i.dmp_enable_feature)
    i.dmp_enable_gyro_cal                    0x080046e0   Section        0  inv_mpu_dmp_motion_driver.o(i.dmp_enable_gyro_cal)
    i.dmp_enable_lp_quat                     0x08004718   Section        0  inv_mpu_dmp_motion_driver.o(i.dmp_enable_lp_quat)
    i.dmp_load_motion_driver_firmware        0x08004754   Section        0  inv_mpu_dmp_motion_driver.o(i.dmp_load_motion_driver_firmware)
    i.dmp_read_fifo                          0x08004768   Section        0  inv_mpu_dmp_motion_driver.o(i.dmp_read_fifo)
    i.dmp_set_accel_bias                     0x080048b0   Section        0  inv_mpu_dmp_motion_driver.o(i.dmp_set_accel_bias)
    i.dmp_set_fifo_rate                      0x08004988   Section        0  inv_mpu_dmp_motion_driver.o(i.dmp_set_fifo_rate)
    i.dmp_set_gyro_bias                      0x080049ec   Section        0  inv_mpu_dmp_motion_driver.o(i.dmp_set_gyro_bias)
    i.dmp_set_orientation                    0x08004ab8   Section        0  inv_mpu_dmp_motion_driver.o(i.dmp_set_orientation)
    i.dmp_set_shake_reject_thresh            0x08004bc4   Section        0  inv_mpu_dmp_motion_driver.o(i.dmp_set_shake_reject_thresh)
    i.dmp_set_shake_reject_time              0x08004bf4   Section        0  inv_mpu_dmp_motion_driver.o(i.dmp_set_shake_reject_time)
    i.dmp_set_shake_reject_timeout           0x08004c14   Section        0  inv_mpu_dmp_motion_driver.o(i.dmp_set_shake_reject_timeout)
    i.dmp_set_tap_axes                       0x08004c34   Section        0  inv_mpu_dmp_motion_driver.o(i.dmp_set_tap_axes)
    i.dmp_set_tap_count                      0x08004c74   Section        0  inv_mpu_dmp_motion_driver.o(i.dmp_set_tap_count)
    i.dmp_set_tap_thresh                     0x08004c98   Section        0  inv_mpu_dmp_motion_driver.o(i.dmp_set_tap_thresh)
    i.dmp_set_tap_time                       0x08004dc0   Section        0  inv_mpu_dmp_motion_driver.o(i.dmp_set_tap_time)
    i.dmp_set_tap_time_multi                 0x08004de0   Section        0  inv_mpu_dmp_motion_driver.o(i.dmp_set_tap_time_multi)
    i.fputc                                  0x08004e00   Section        0  ax_uart_db.o(i.fputc)
    i.get_accel_prod_shift                   0x08004e24   Section        0  inv_mpu.o(i.get_accel_prod_shift)
    get_accel_prod_shift                     0x08004e25   Thumb Code   156  inv_mpu.o(i.get_accel_prod_shift)
    i.get_st_biases                          0x08004ecc   Section        0  inv_mpu.o(i.get_st_biases)
    get_st_biases                            0x08004ecd   Thumb Code   784  inv_mpu.o(i.get_st_biases)
    i.gyro_self_test                         0x080051e0   Section        0  inv_mpu.o(i.gyro_self_test)
    gyro_self_test                           0x080051e1   Thumb Code   194  inv_mpu.o(i.gyro_self_test)
    i.inv_row_2_scale                        0x080052b8   Section        0  ax_mpu6050_dmp.o(i.inv_row_2_scale)
    inv_row_2_scale                          0x080052b9   Thumb Code    72  ax_mpu6050_dmp.o(i.inv_row_2_scale)
    i.main                                   0x08005300   Section        0  main.o(i.main)
    i.mpu_configure_fifo                     0x080053f0   Section        0  inv_mpu.o(i.mpu_configure_fifo)
    i.mpu_get_accel_fsr                      0x08005448   Section        0  inv_mpu.o(i.mpu_get_accel_fsr)
    i.mpu_get_accel_sens                     0x08005484   Section        0  inv_mpu.o(i.mpu_get_accel_sens)
    i.mpu_get_gyro_fsr                       0x080054c8   Section        0  inv_mpu.o(i.mpu_get_gyro_fsr)
    i.mpu_get_gyro_sens                      0x080054fc   Section        0  inv_mpu.o(i.mpu_get_gyro_sens)
    i.mpu_get_lpf                            0x0800553c   Section        0  inv_mpu.o(i.mpu_get_lpf)
    i.mpu_get_sample_rate                    0x08005574   Section        0  inv_mpu.o(i.mpu_get_sample_rate)
    i.mpu_init                               0x08005590   Section        0  inv_mpu.o(i.mpu_init)
    i.mpu_load_firmware                      0x08005718   Section        0  inv_mpu.o(i.mpu_load_firmware)
    i.mpu_lp_accel_mode                      0x080057bc   Section        0  inv_mpu.o(i.mpu_lp_accel_mode)
    i.mpu_read_fifo_stream                   0x08005874   Section        0  inv_mpu.o(i.mpu_read_fifo_stream)
    i.mpu_read_mem                           0x08005904   Section        0  inv_mpu.o(i.mpu_read_mem)
    i.mpu_reset_fifo                         0x08005958   Section        0  inv_mpu.o(i.mpu_reset_fifo)
    i.mpu_run_self_test                      0x08005aa8   Section        0  inv_mpu.o(i.mpu_run_self_test)
    i.mpu_set_accel_fsr                      0x08005b98   Section        0  inv_mpu.o(i.mpu_set_accel_fsr)
    i.mpu_set_bypass                         0x08005c00   Section        0  inv_mpu.o(i.mpu_set_bypass)
    i.mpu_set_dmp_state                      0x08005cdc   Section        0  inv_mpu.o(i.mpu_set_dmp_state)
    i.mpu_set_gyro_fsr                       0x08005d54   Section        0  inv_mpu.o(i.mpu_set_gyro_fsr)
    i.mpu_set_int_latched                    0x08005dc0   Section        0  inv_mpu.o(i.mpu_set_int_latched)
    i.mpu_set_lpf                            0x08005e24   Section        0  inv_mpu.o(i.mpu_set_lpf)
    i.mpu_set_sample_rate                    0x08005e90   Section        0  inv_mpu.o(i.mpu_set_sample_rate)
    i.mpu_set_sensors                        0x08005f08   Section        0  inv_mpu.o(i.mpu_set_sensors)
    i.mpu_write_mem                          0x08005fc0   Section        0  inv_mpu.o(i.mpu_write_mem)
    i.myget_ms                               0x08006014   Section        0  inv_mpu.o(i.myget_ms)
    i.run_self_test                          0x08006016   Section        0  ax_mpu6050_dmp.o(i.run_self_test)
    run_self_test                            0x08006017   Thumb Code   122  ax_mpu6050_dmp.o(i.run_self_test)
    i.set_int_enable                         0x08006090   Section        0  inv_mpu.o(i.set_int_enable)
    set_int_enable                           0x08006091   Thumb Code    80  inv_mpu.o(i.set_int_enable)
    i.sin                                    0x080060e4   Section        0  sin.o(i.sin)
    i.sqrt                                   0x08006184   Section        0  sqrt.o(i.sqrt)
    .constdata                               0x080061d0   Section       12  inv_mpu.o(.constdata)
    .constdata                               0x080061dc   Section       27  inv_mpu.o(.constdata)
    .constdata                               0x080061f8   Section       40  inv_mpu.o(.constdata)
    .constdata                               0x08006220   Section     3062  inv_mpu_dmp_motion_driver.o(.constdata)
    dmp_memory                               0x08006220   Data        3062  inv_mpu_dmp_motion_driver.o(.constdata)
    .constdata                               0x08006e18   Section       80  asin.o(.constdata)
    pS                                       0x08006e18   Data          48  asin.o(.constdata)
    qS                                       0x08006e48   Data          32  asin.o(.constdata)
    .constdata                               0x08006e68   Section      152  atan.o(.constdata)
    atanhi                                   0x08006e68   Data          32  atan.o(.constdata)
    atanlo                                   0x08006e88   Data          32  atan.o(.constdata)
    aTodd                                    0x08006ea8   Data          40  atan.o(.constdata)
    aTeven                                   0x08006ed0   Data          48  atan.o(.constdata)
    .constdata                               0x08006f00   Section       48  cos_i.o(.constdata)
    C                                        0x08006f00   Data          48  cos_i.o(.constdata)
    .constdata                               0x08006f30   Section        8  qnan.o(.constdata)
    .constdata                               0x08006f38   Section      200  rred.o(.constdata)
    pio2s                                    0x08006f38   Data          48  rred.o(.constdata)
    twooverpi                                0x08006f68   Data         152  rred.o(.constdata)
    .constdata                               0x08007000   Section       40  sin_i.o(.constdata)
    S                                        0x08007000   Data          40  sin_i.o(.constdata)
    .conststring                             0x08007028   Section       78  inv_mpu.o(.conststring)
    .data                                    0x20000000   Section       42  main.o(.data)
    ax_bat_vol_cnt                           0x20000000   Data           2  main.o(.data)
    .data                                    0x2000002a   Section        4  main.o(.data)
    .data                                    0x20000030   Section       40  ax_kinematics.o(.data)
    recv_count                               0x20000050   Data           8  ax_kinematics.o(.data)
    .data                                    0x20000058   Section       64  ax_pid.o(.data)
    motor_pwm_out                            0x2000005e   Data           2  ax_pid.o(.data)
    motor_pwm_out                            0x20000060   Data           2  ax_pid.o(.data)
    motor_pwm_out                            0x20000062   Data           2  ax_pid.o(.data)
    motor_pwm_out                            0x20000064   Data           2  ax_pid.o(.data)
    bias                                     0x20000068   Data           4  ax_pid.o(.data)
    bias_last                                0x2000006c   Data           4  ax_pid.o(.data)
    bias_integral                            0x20000070   Data           4  ax_pid.o(.data)
    bias                                     0x20000074   Data           4  ax_pid.o(.data)
    bias_last                                0x20000078   Data           4  ax_pid.o(.data)
    bias_integral                            0x2000007c   Data           4  ax_pid.o(.data)
    bias                                     0x20000080   Data           4  ax_pid.o(.data)
    bias_last                                0x20000084   Data           4  ax_pid.o(.data)
    bias_integral                            0x20000088   Data           4  ax_pid.o(.data)
    bias                                     0x2000008c   Data           4  ax_pid.o(.data)
    bias_last                                0x20000090   Data           4  ax_pid.o(.data)
    bias_integral                            0x20000094   Data           4  ax_pid.o(.data)
    .data                                    0x20000098   Section        1  ax_tim.o(.data)
    .data                                    0x20000099   Section        3  ax_uart_db.o(.data)
    uart_db_flag_rx_ok                       0x20000099   Data           1  ax_uart_db.o(.data)
    uart_db_rx_con                           0x2000009a   Data           1  ax_uart_db.o(.data)
    uart_db_rx_checksum                      0x2000009b   Data           1  ax_uart_db.o(.data)
    .data                                    0x2000009c   Section        2  ax_uart_pi.o(.data)
    uart2_rx_con                             0x2000009c   Data           1  ax_uart_pi.o(.data)
    uart2_rx_checksum                        0x2000009d   Data           1  ax_uart_pi.o(.data)
    .data                                    0x200000a0   Section       41  ax_mpu6050_dmp.o(.data)
    gyro_orientation                         0x200000c0   Data           9  ax_mpu6050_dmp.o(.data)
    .data                                    0x200000cc   Section       44  inv_mpu.o(.data)
    st                                       0x200000cc   Data          44  inv_mpu.o(.data)
    .data                                    0x200000f8   Section       20  stm32f10x_rcc.o(.data)
    ADCPrescTable                            0x200000f8   Data           4  stm32f10x_rcc.o(.data)
    APBAHBPrescTable                         0x200000fc   Data          16  stm32f10x_rcc.o(.data)
    .data                                    0x2000010c   Section        4  stdout.o(.data)
    .data                                    0x20000110   Section        4  errno.o(.data)
    _errno                                   0x20000110   Data           4  errno.o(.data)
    .bss                                     0x20000114   Section       92  main.o(.bss)
    comdata                                  0x20000120   Data          60  main.o(.bss)
    .bss                                     0x20000170   Section      120  ax_kinematics.o(.bss)
    wheel_velocity                           0x20000190   Data          16  ax_kinematics.o(.bss)
    delta_count                              0x200001a0   Data          32  ax_kinematics.o(.bss)
    delta_v_ave                              0x200001c0   Data          24  ax_kinematics.o(.bss)
    delta_v_integral                         0x200001d8   Data          16  ax_kinematics.o(.bss)
    .bss                                     0x200001e8   Section       80  ax_uart_db.o(.bss)
    uart_db_rx_buf                           0x200001e8   Data          40  ax_uart_db.o(.bss)
    uart_db_tx_buf                           0x20000210   Data          40  ax_uart_db.o(.bss)
    .bss                                     0x20000238   Section      120  ax_uart_pi.o(.bss)
    uart2_rx_buf                             0x20000238   Data          60  ax_uart_pi.o(.bss)
    uart2_tx_buf                             0x20000274   Data          60  ax_uart_pi.o(.bss)
    .bss                                     0x200002b0   Section       16  inv_mpu_dmp_motion_driver.o(.bss)
    dmp                                      0x200002b0   Data          16  inv_mpu_dmp_motion_driver.o(.bss)
    STACK                                    0x200002c0   Section     1024  startup_stm32f10x_hd.o(STACK)

    Global Symbols

    Symbol Name                              Value     Ov Type        Size  Object(Section)

    BuildAttributes$$THM_ISAv4$P$D$K$B$S$PE$A:L22UL41UL21$X:L11$S22US41US21$IEEE1$IW$USESV6$~STKCKD$USESV7$~SHL$OTIME$ROPI$IEEEX$EBA8$MICROLIB$REQ8$PRES8$EABIv2 0x00000000   Number         0  anon$$obj.o ABSOLUTE
    __ARM_use_no_argv                        0x00000000   Number         0  main.o ABSOLUTE
    _printf_a                                0x00000000   Number         0  stubs.o ABSOLUTE
    _printf_c                                0x00000000   Number         0  stubs.o ABSOLUTE
    _printf_charcount                        0x00000000   Number         0  stubs.o ABSOLUTE
    _printf_d                                0x00000000   Number         0  stubs.o ABSOLUTE
    _printf_e                                0x00000000   Number         0  stubs.o ABSOLUTE
    _printf_f                                0x00000000   Number         0  stubs.o ABSOLUTE
    _printf_flags                            0x00000000   Number         0  stubs.o ABSOLUTE
    _printf_fp_dec                           0x00000000   Number         0  stubs.o ABSOLUTE
    _printf_fp_hex                           0x00000000   Number         0  stubs.o ABSOLUTE
    _printf_g                                0x00000000   Number         0  stubs.o ABSOLUTE
    _printf_i                                0x00000000   Number         0  stubs.o ABSOLUTE
    _printf_int_dec                          0x00000000   Number         0  stubs.o ABSOLUTE
    _printf_l                                0x00000000   Number         0  stubs.o ABSOLUTE
    _printf_lc                               0x00000000   Number         0  stubs.o ABSOLUTE
    _printf_ll                               0x00000000   Number         0  stubs.o ABSOLUTE
    _printf_lld                              0x00000000   Number         0  stubs.o ABSOLUTE
    _printf_lli                              0x00000000   Number         0  stubs.o ABSOLUTE
    _printf_llo                              0x00000000   Number         0  stubs.o ABSOLUTE
    _printf_llu                              0x00000000   Number         0  stubs.o ABSOLUTE
    _printf_llx                              0x00000000   Number         0  stubs.o ABSOLUTE
    _printf_longlong_dec                     0x00000000   Number         0  stubs.o ABSOLUTE
    _printf_longlong_hex                     0x00000000   Number         0  stubs.o ABSOLUTE
    _printf_longlong_oct                     0x00000000   Number         0  stubs.o ABSOLUTE
    _printf_ls                               0x00000000   Number         0  stubs.o ABSOLUTE
    _printf_mbtowc                           0x00000000   Number         0  stubs.o ABSOLUTE
    _printf_n                                0x00000000   Number         0  stubs.o ABSOLUTE
    _printf_o                                0x00000000   Number         0  stubs.o ABSOLUTE
    _printf_p                                0x00000000   Number         0  stubs.o ABSOLUTE
    _printf_percent                          0x00000000   Number         0  stubs.o ABSOLUTE
    _printf_pre_padding                      0x00000000   Number         0  stubs.o ABSOLUTE
    _printf_return_value                     0x00000000   Number         0  stubs.o ABSOLUTE
    _printf_s                                0x00000000   Number         0  stubs.o ABSOLUTE
    _printf_sizespec                         0x00000000   Number         0  stubs.o ABSOLUTE
    _printf_str                              0x00000000   Number         0  stubs.o ABSOLUTE
    _printf_truncate_signed                  0x00000000   Number         0  stubs.o ABSOLUTE
    _printf_truncate_unsigned                0x00000000   Number         0  stubs.o ABSOLUTE
    _printf_u                                0x00000000   Number         0  stubs.o ABSOLUTE
    _printf_wc                               0x00000000   Number         0  stubs.o ABSOLUTE
    _printf_wctomb                           0x00000000   Number         0  stubs.o ABSOLUTE
    _printf_widthprec                        0x00000000   Number         0  stubs.o ABSOLUTE
    _printf_x                                0x00000000   Number         0  stubs.o ABSOLUTE
    __cpp_initialize__aeabi_                  - Undefined Weak Reference
    __cxa_finalize                            - Undefined Weak Reference
    __decompress                              - Undefined Weak Reference
    _clock_init                               - Undefined Weak Reference
    _microlib_exit                            - Undefined Weak Reference
    __Vectors_Size                           0x00000130   Number         0  startup_stm32f10x_hd.o ABSOLUTE
    __Vectors                                0x08000000   Data           4  startup_stm32f10x_hd.o(RESET)
    __Vectors_End                            0x08000130   Data           0  startup_stm32f10x_hd.o(RESET)
    __main                                   0x08000131   Thumb Code     0  entry.o(.ARM.Collect$$$$00000000)
    _main_stk                                0x08000131   Thumb Code     0  entry2.o(.ARM.Collect$$$$00000001)
    _main_scatterload                        0x08000135   Thumb Code     0  entry5.o(.ARM.Collect$$$$00000004)
    __main_after_scatterload                 0x08000139   Thumb Code     0  entry5.o(.ARM.Collect$$$$00000004)
    _main_clock                              0x08000139   Thumb Code     0  entry7b.o(.ARM.Collect$$$$00000008)
    _main_cpp_init                           0x08000139   Thumb Code     0  entry8b.o(.ARM.Collect$$$$0000000A)
    _main_init                               0x08000139   Thumb Code     0  entry9a.o(.ARM.Collect$$$$0000000B)
    __rt_final_cpp                           0x08000141   Thumb Code     0  entry10a.o(.ARM.Collect$$$$0000000D)
    __rt_final_exit                          0x08000141   Thumb Code     0  entry11a.o(.ARM.Collect$$$$0000000F)
    Reset_Handler                            0x08000145   Thumb Code     8  startup_stm32f10x_hd.o(.text)
    ADC1_2_IRQHandler                        0x0800015f   Thumb Code     0  startup_stm32f10x_hd.o(.text)
    ADC3_IRQHandler                          0x0800015f   Thumb Code     0  startup_stm32f10x_hd.o(.text)
    CAN1_RX1_IRQHandler                      0x0800015f   Thumb Code     0  startup_stm32f10x_hd.o(.text)
    CAN1_SCE_IRQHandler                      0x0800015f   Thumb Code     0  startup_stm32f10x_hd.o(.text)
    DMA1_Channel1_IRQHandler                 0x0800015f   Thumb Code     0  startup_stm32f10x_hd.o(.text)
    DMA1_Channel2_IRQHandler                 0x0800015f   Thumb Code     0  startup_stm32f10x_hd.o(.text)
    DMA1_Channel3_IRQHandler                 0x0800015f   Thumb Code     0  startup_stm32f10x_hd.o(.text)
    DMA1_Channel4_IRQHandler                 0x0800015f   Thumb Code     0  startup_stm32f10x_hd.o(.text)
    DMA1_Channel5_IRQHandler                 0x0800015f   Thumb Code     0  startup_stm32f10x_hd.o(.text)
    DMA1_Channel6_IRQHandler                 0x0800015f   Thumb Code     0  startup_stm32f10x_hd.o(.text)
    DMA1_Channel7_IRQHandler                 0x0800015f   Thumb Code     0  startup_stm32f10x_hd.o(.text)
    DMA2_Channel1_IRQHandler                 0x0800015f   Thumb Code     0  startup_stm32f10x_hd.o(.text)
    DMA2_Channel2_IRQHandler                 0x0800015f   Thumb Code     0  startup_stm32f10x_hd.o(.text)
    DMA2_Channel3_IRQHandler                 0x0800015f   Thumb Code     0  startup_stm32f10x_hd.o(.text)
    DMA2_Channel4_5_IRQHandler               0x0800015f   Thumb Code     0  startup_stm32f10x_hd.o(.text)
    EXTI0_IRQHandler                         0x0800015f   Thumb Code     0  startup_stm32f10x_hd.o(.text)
    EXTI15_10_IRQHandler                     0x0800015f   Thumb Code     0  startup_stm32f10x_hd.o(.text)
    EXTI1_IRQHandler                         0x0800015f   Thumb Code     0  startup_stm32f10x_hd.o(.text)
    EXTI2_IRQHandler                         0x0800015f   Thumb Code     0  startup_stm32f10x_hd.o(.text)
    EXTI3_IRQHandler                         0x0800015f   Thumb Code     0  startup_stm32f10x_hd.o(.text)
    EXTI4_IRQHandler                         0x0800015f   Thumb Code     0  startup_stm32f10x_hd.o(.text)
    EXTI9_5_IRQHandler                       0x0800015f   Thumb Code     0  startup_stm32f10x_hd.o(.text)
    FLASH_IRQHandler                         0x0800015f   Thumb Code     0  startup_stm32f10x_hd.o(.text)
    FSMC_IRQHandler                          0x0800015f   Thumb Code     0  startup_stm32f10x_hd.o(.text)
    I2C1_ER_IRQHandler                       0x0800015f   Thumb Code     0  startup_stm32f10x_hd.o(.text)
    I2C1_EV_IRQHandler                       0x0800015f   Thumb Code     0  startup_stm32f10x_hd.o(.text)
    I2C2_ER_IRQHandler                       0x0800015f   Thumb Code     0  startup_stm32f10x_hd.o(.text)
    I2C2_EV_IRQHandler                       0x0800015f   Thumb Code     0  startup_stm32f10x_hd.o(.text)
    PVD_IRQHandler                           0x0800015f   Thumb Code     0  startup_stm32f10x_hd.o(.text)
    RCC_IRQHandler                           0x0800015f   Thumb Code     0  startup_stm32f10x_hd.o(.text)
    RTCAlarm_IRQHandler                      0x0800015f   Thumb Code     0  startup_stm32f10x_hd.o(.text)
    RTC_IRQHandler                           0x0800015f   Thumb Code     0  startup_stm32f10x_hd.o(.text)
    SDIO_IRQHandler                          0x0800015f   Thumb Code     0  startup_stm32f10x_hd.o(.text)
    SPI1_IRQHandler                          0x0800015f   Thumb Code     0  startup_stm32f10x_hd.o(.text)
    SPI2_IRQHandler                          0x0800015f   Thumb Code     0  startup_stm32f10x_hd.o(.text)
    SPI3_IRQHandler                          0x0800015f   Thumb Code     0  startup_stm32f10x_hd.o(.text)
    TAMPER_IRQHandler                        0x0800015f   Thumb Code     0  startup_stm32f10x_hd.o(.text)
    TIM1_BRK_IRQHandler                      0x0800015f   Thumb Code     0  startup_stm32f10x_hd.o(.text)
    TIM1_CC_IRQHandler                       0x0800015f   Thumb Code     0  startup_stm32f10x_hd.o(.text)
    TIM1_TRG_COM_IRQHandler                  0x0800015f   Thumb Code     0  startup_stm32f10x_hd.o(.text)
    TIM1_UP_IRQHandler                       0x0800015f   Thumb Code     0  startup_stm32f10x_hd.o(.text)
    TIM2_IRQHandler                          0x0800015f   Thumb Code     0  startup_stm32f10x_hd.o(.text)
    TIM3_IRQHandler                          0x0800015f   Thumb Code     0  startup_stm32f10x_hd.o(.text)
    TIM4_IRQHandler                          0x0800015f   Thumb Code     0  startup_stm32f10x_hd.o(.text)
    TIM5_IRQHandler                          0x0800015f   Thumb Code     0  startup_stm32f10x_hd.o(.text)
    TIM7_IRQHandler                          0x0800015f   Thumb Code     0  startup_stm32f10x_hd.o(.text)
    TIM8_BRK_IRQHandler                      0x0800015f   Thumb Code     0  startup_stm32f10x_hd.o(.text)
    TIM8_CC_IRQHandler                       0x0800015f   Thumb Code     0  startup_stm32f10x_hd.o(.text)
    TIM8_TRG_COM_IRQHandler                  0x0800015f   Thumb Code     0  startup_stm32f10x_hd.o(.text)
    TIM8_UP_IRQHandler                       0x0800015f   Thumb Code     0  startup_stm32f10x_hd.o(.text)
    UART4_IRQHandler                         0x0800015f   Thumb Code     0  startup_stm32f10x_hd.o(.text)
    UART5_IRQHandler                         0x0800015f   Thumb Code     0  startup_stm32f10x_hd.o(.text)
    USART3_IRQHandler                        0x0800015f   Thumb Code     0  startup_stm32f10x_hd.o(.text)
    USBWakeUp_IRQHandler                     0x0800015f   Thumb Code     0  startup_stm32f10x_hd.o(.text)
    USB_HP_CAN1_TX_IRQHandler                0x0800015f   Thumb Code     0  startup_stm32f10x_hd.o(.text)
    USB_LP_CAN1_RX0_IRQHandler               0x0800015f   Thumb Code     0  startup_stm32f10x_hd.o(.text)
    WWDG_IRQHandler                          0x0800015f   Thumb Code     0  startup_stm32f10x_hd.o(.text)
    __aeabi_ldivmod                          0x08000169   Thumb Code    98  ldiv.o(.text)
    __aeabi_memset                           0x080001cb   Thumb Code    14  memseta.o(.text)
    __aeabi_memset4                          0x080001cb   Thumb Code     0  memseta.o(.text)
    __aeabi_memset8                          0x080001cb   Thumb Code     0  memseta.o(.text)
    __aeabi_memclr                           0x080001d9   Thumb Code     4  memseta.o(.text)
    __aeabi_memclr4                          0x080001d9   Thumb Code     0  memseta.o(.text)
    __aeabi_memclr8                          0x080001d9   Thumb Code     0  memseta.o(.text)
    _memset$wrapper                          0x080001dd   Thumb Code    18  memseta.o(.text)
    memcmp                                   0x080001ef   Thumb Code    26  memcmp.o(.text)
    __aeabi_fadd                             0x08000209   Thumb Code   164  fadd.o(.text)
    __aeabi_fsub                             0x080002ad   Thumb Code     6  fadd.o(.text)
    __aeabi_frsub                            0x080002b3   Thumb Code     6  fadd.o(.text)
    __aeabi_fmul                             0x080002b9   Thumb Code   100  fmul.o(.text)
    __aeabi_fdiv                             0x0800031d   Thumb Code   124  fdiv.o(.text)
    __ARM_scalbnf                            0x08000399   Thumb Code    24  fscalb.o(.text)
    scalbnf                                  0x08000399   Thumb Code     0  fscalb.o(.text)
    __aeabi_dadd                             0x080003b1   Thumb Code   322  dadd.o(.text)
    __aeabi_dsub                             0x080004f3   Thumb Code     6  dadd.o(.text)
    __aeabi_drsub                            0x080004f9   Thumb Code     6  dadd.o(.text)
    __aeabi_dmul                             0x080004ff   Thumb Code   228  dmul.o(.text)
    __aeabi_ddiv                             0x080005e3   Thumb Code   222  ddiv.o(.text)
    __ARM_scalbn                             0x080006c1   Thumb Code    46  dscalb.o(.text)
    scalbn                                   0x080006c1   Thumb Code     0  dscalb.o(.text)
    __aeabi_i2f                              0x080006ef   Thumb Code    18  fflti.o(.text)
    __aeabi_ui2f                             0x08000701   Thumb Code    10  ffltui.o(.text)
    __aeabi_i2d                              0x0800070b   Thumb Code    34  dflti.o(.text)
    __aeabi_f2iz                             0x0800072d   Thumb Code    50  ffixi.o(.text)
    __aeabi_f2uiz                            0x0800075f   Thumb Code    40  ffixui.o(.text)
    __aeabi_d2iz                             0x08000787   Thumb Code    62  dfixi.o(.text)
    __aeabi_f2d                              0x080007c5   Thumb Code    38  f2d.o(.text)
    __aeabi_cdcmpeq                          0x080007ed   Thumb Code     0  cdcmple.o(.text)
    __aeabi_cdcmple                          0x080007ed   Thumb Code    48  cdcmple.o(.text)
    __aeabi_cdrcmple                         0x0800081d   Thumb Code    48  cdrcmple.o(.text)
    __aeabi_d2f                              0x0800084d   Thumb Code    56  d2f.o(.text)
    __aeabi_uidiv                            0x08000885   Thumb Code     0  uidiv.o(.text)
    __aeabi_uidivmod                         0x08000885   Thumb Code    44  uidiv.o(.text)
    __aeabi_uldivmod                         0x080008b1   Thumb Code    98  uldiv.o(.text)
    __aeabi_llsl                             0x08000913   Thumb Code    30  llshl.o(.text)
    _ll_shift_l                              0x08000913   Thumb Code     0  llshl.o(.text)
    __aeabi_llsr                             0x08000931   Thumb Code    32  llushr.o(.text)
    _ll_ushift_r                             0x08000931   Thumb Code     0  llushr.o(.text)
    __aeabi_lasr                             0x08000951   Thumb Code    36  llsshr.o(.text)
    _ll_sshift_r                             0x08000951   Thumb Code     0  llsshr.o(.text)
    __I$use$fp                               0x08000975   Thumb Code     0  iusefp.o(.text)
    _float_round                             0x08000975   Thumb Code    18  fepilogue.o(.text)
    _float_epilogue                          0x08000987   Thumb Code    92  fepilogue.o(.text)
    _double_round                            0x080009e3   Thumb Code    30  depilogue.o(.text)
    _double_epilogue                         0x08000a01   Thumb Code   156  depilogue.o(.text)
    __scatterload                            0x08000a9d   Thumb Code    28  init.o(.text)
    __scatterload_rt2                        0x08000a9d   Thumb Code     0  init.o(.text)
    _dsqrt                                   0x08000ac1   Thumb Code   162  dsqrt.o(.text)
    __aeabi_ui2d                             0x08000b63   Thumb Code    26  dfltui.o(.text)
    ADC_Cmd                                  0x08000b7d   Thumb Code    20  stm32f10x_adc.o(i.ADC_Cmd)
    ADC_GetCalibrationStatus                 0x08000b91   Thumb Code    14  stm32f10x_adc.o(i.ADC_GetCalibrationStatus)
    ADC_GetConversionValue                   0x08000b9f   Thumb Code     6  stm32f10x_adc.o(i.ADC_GetConversionValue)
    ADC_GetFlagStatus                        0x08000ba5   Thumb Code    14  stm32f10x_adc.o(i.ADC_GetFlagStatus)
    ADC_GetResetCalibrationStatus            0x08000bb3   Thumb Code    14  stm32f10x_adc.o(i.ADC_GetResetCalibrationStatus)
    ADC_Init                                 0x08000bc1   Thumb Code    62  stm32f10x_adc.o(i.ADC_Init)
    ADC_RegularChannelConfig                 0x08000c09   Thumb Code   116  stm32f10x_adc.o(i.ADC_RegularChannelConfig)
    ADC_ResetCalibration                     0x08000c7d   Thumb Code    10  stm32f10x_adc.o(i.ADC_ResetCalibration)
    ADC_SoftwareStartConvCmd                 0x08000c87   Thumb Code    20  stm32f10x_adc.o(i.ADC_SoftwareStartConvCmd)
    ADC_StartCalibration                     0x08000c9b   Thumb Code    10  stm32f10x_adc.o(i.ADC_StartCalibration)
    AX_DELAY_Init                            0x08000ca5   Thumb Code     8  ax_delay.o(i.AX_DELAY_Init)
    AX_Delayms                               0x08000cad   Thumb Code    52  ax_delay.o(i.AX_Delayms)
    AX_Delayus                               0x08000ce1   Thumb Code    44  ax_delay.o(i.AX_Delayus)
    AX_ENCODER_AB_GetCounter                 0x08000d0d   Thumb Code     8  ax_encoder.o(i.AX_ENCODER_AB_GetCounter)
    AX_ENCODER_AB_Init                       0x08000d15   Thumb Code   160  ax_encoder.o(i.AX_ENCODER_AB_Init)
    AX_ENCODER_AB_SetCounter                 0x08000dc1   Thumb Code     8  ax_encoder.o(i.AX_ENCODER_AB_SetCounter)
    AX_ENCODER_CD_GetCounter                 0x08000dc9   Thumb Code     6  ax_encoder.o(i.AX_ENCODER_CD_GetCounter)
    AX_ENCODER_CD_Init                       0x08000dd5   Thumb Code   146  ax_encoder.o(i.AX_ENCODER_CD_Init)
    AX_ENCODER_CD_SetCounter                 0x08000e75   Thumb Code     6  ax_encoder.o(i.AX_ENCODER_CD_SetCounter)
    AX_ENCODER_EF_GetCounter                 0x08000e81   Thumb Code     6  ax_encoder.o(i.AX_ENCODER_EF_GetCounter)
    AX_ENCODER_EF_Init                       0x08000e8d   Thumb Code   138  ax_encoder.o(i.AX_ENCODER_EF_Init)
    AX_ENCODER_EF_SetCounter                 0x08000f21   Thumb Code     6  ax_encoder.o(i.AX_ENCODER_EF_SetCounter)
    AX_ENCODER_GH_GetCounter                 0x08000f2d   Thumb Code     6  ax_encoder.o(i.AX_ENCODER_GH_GetCounter)
    AX_ENCODER_GH_Init                       0x08000f39   Thumb Code   136  ax_encoder.o(i.AX_ENCODER_GH_Init)
    AX_ENCODER_GH_SetCounter                 0x08000fc9   Thumb Code     6  ax_encoder.o(i.AX_ENCODER_GH_SetCounter)
    AX_JTAG_Set                              0x08000fd5   Thumb Code    30  ax_sys.o(i.AX_JTAG_Set)
    AX_Kinematics_Forward                    0x08000ffd   Thumb Code   758  ax_kinematics.o(i.AX_Kinematics_Forward)
    AX_Kinematics_Init                       0x0800131d   Thumb Code   120  ax_kinematics.o(i.AX_Kinematics_Init)
    AX_Kinematics_Inverse                    0x080013b5   Thumb Code   256  ax_kinematics.o(i.AX_Kinematics_Inverse)
    AX_LED_Init                              0x080014c5   Thumb Code    72  ax_led.o(i.AX_LED_Init)
    AX_MOTOR_A_SetSpeed                      0x08001515   Thumb Code    90  ax_motor.o(i.AX_MOTOR_A_SetSpeed)
    AX_MOTOR_B_SetSpeed                      0x08001579   Thumb Code    90  ax_motor.o(i.AX_MOTOR_B_SetSpeed)
    AX_MOTOR_C_SetSpeed                      0x080015dd   Thumb Code    90  ax_motor.o(i.AX_MOTOR_C_SetSpeed)
    AX_MOTOR_D_SetSpeed                      0x08001641   Thumb Code   100  ax_motor.o(i.AX_MOTOR_D_SetSpeed)
    AX_MOTOR_Init                            0x080016ad   Thumb Code   290  ax_motor.o(i.AX_MOTOR_Init)
    AX_MPU6050_DMP_GetData                   0x080017dd   Thumb Code   470  ax_mpu6050_dmp.o(i.AX_MPU6050_DMP_GetData)
    AX_MPU6050_DMP_Init                      0x080019c1   Thumb Code   194  ax_mpu6050_dmp.o(i.AX_MPU6050_DMP_Init)
    AX_MPU6050_Init                          0x08001b71   Thumb Code   108  ax_mpu6050.o(i.AX_MPU6050_Init)
    AX_PID_MotorVelocityCtlA                 0x08001be5   Thumb Code   154  ax_pid.o(i.AX_PID_MotorVelocityCtlA)
    AX_PID_MotorVelocityCtlB                 0x08001c89   Thumb Code   154  ax_pid.o(i.AX_PID_MotorVelocityCtlB)
    AX_PID_MotorVelocityCtlC                 0x08001d2d   Thumb Code   154  ax_pid.o(i.AX_PID_MotorVelocityCtlC)
    AX_PID_MotorVelocityCtlD                 0x08001dd1   Thumb Code   154  ax_pid.o(i.AX_PID_MotorVelocityCtlD)
    AX_ROBOT_BatteryManagement               0x08001e75   Thumb Code   128  main.o(i.AX_ROBOT_BatteryManagement)
    AX_ROBOT_MoveCtl                         0x08001f01   Thumb Code   220  main.o(i.AX_ROBOT_MoveCtl)
    AX_ROBOT_SendDataToPi                    0x08001fe5   Thumb Code   252  main.o(i.AX_ROBOT_SendDataToPi)
    AX_TIM6_CheckIrqStatus                   0x080020e9   Thumb Code    18  ax_tim.o(i.AX_TIM6_CheckIrqStatus)
    AX_TIM6_Cmd                              0x08002101   Thumb Code    26  ax_tim.o(i.AX_TIM6_Cmd)
    AX_TIM6_Init                             0x08002121   Thumb Code   100  ax_tim.o(i.AX_TIM6_Init)
    AX_UART_DB_Init                          0x08002189   Thumb Code   160  ax_uart_db.o(i.AX_UART_DB_Init)
    AX_UART_PI_Init                          0x08002231   Thumb Code   156  ax_uart_pi.o(i.AX_UART_PI_Init)
    AX_UART_PI_SendPacket                    0x080022d5   Thumb Code   108  ax_uart_pi.o(i.AX_UART_PI_SendPacket)
    AX_VIN_GetVol_X100                       0x08002349   Thumb Code    48  ax_vin.o(i.AX_VIN_GetVol_X100)
    AX_VIN_Init                              0x0800237d   Thumb Code   134  ax_vin.o(i.AX_VIN_Init)
    BusFault_Handler                         0x0800240d   Thumb Code     2  stm32f10x_it.o(i.BusFault_Handler)
    DebugMon_Handler                         0x0800240f   Thumb Code     2  stm32f10x_it.o(i.DebugMon_Handler)
    GPIO_Init                                0x0800243f   Thumb Code   156  stm32f10x_gpio.o(i.GPIO_Init)
    GPIO_PinRemapConfig                      0x080024dd   Thumb Code    82  stm32f10x_gpio.o(i.GPIO_PinRemapConfig)
    GPIO_ReadInputDataBit                    0x08002535   Thumb Code    14  stm32f10x_gpio.o(i.GPIO_ReadInputDataBit)
    GPIO_ResetBits                           0x08002543   Thumb Code     4  stm32f10x_gpio.o(i.GPIO_ResetBits)
    GPIO_SetBits                             0x08002547   Thumb Code     4  stm32f10x_gpio.o(i.GPIO_SetBits)
    GPIO_WriteBit                            0x0800254b   Thumb Code    10  stm32f10x_gpio.o(i.GPIO_WriteBit)
    HardFault_Handler                        0x08002555   Thumb Code     2  stm32f10x_it.o(i.HardFault_Handler)
    MPU6050_I2C_Read                         0x08002759   Thumb Code   110  ax_mpu6050.o(i.MPU6050_I2C_Read)
    MPU6050_I2C_Write                        0x080027c7   Thumb Code    84  ax_mpu6050.o(i.MPU6050_I2C_Write)
    MemManage_Handler                        0x0800282b   Thumb Code     2  stm32f10x_it.o(i.MemManage_Handler)
    NMI_Handler                              0x0800282d   Thumb Code     2  stm32f10x_it.o(i.NMI_Handler)
    NVIC_Init                                0x08002831   Thumb Code    94  misc.o(i.NVIC_Init)
    NVIC_PriorityGroupConfig                 0x08002895   Thumb Code    10  misc.o(i.NVIC_PriorityGroupConfig)
    PendSV_Handler                           0x080028a9   Thumb Code     2  stm32f10x_it.o(i.PendSV_Handler)
    RCC_ADCCLKConfig                         0x080028ad   Thumb Code    14  stm32f10x_rcc.o(i.RCC_ADCCLKConfig)
    RCC_APB1PeriphClockCmd                   0x080028c1   Thumb Code    18  stm32f10x_rcc.o(i.RCC_APB1PeriphClockCmd)
    RCC_APB1PeriphResetCmd                   0x080028d9   Thumb Code    18  stm32f10x_rcc.o(i.RCC_APB1PeriphResetCmd)
    RCC_APB2PeriphClockCmd                   0x080028f1   Thumb Code    18  stm32f10x_rcc.o(i.RCC_APB2PeriphClockCmd)
    RCC_APB2PeriphResetCmd                   0x08002909   Thumb Code    18  stm32f10x_rcc.o(i.RCC_APB2PeriphResetCmd)
    RCC_GetClocksFreq                        0x08002921   Thumb Code   132  stm32f10x_rcc.o(i.RCC_GetClocksFreq)
    SVC_Handler                              0x080029b5   Thumb Code     2  stm32f10x_it.o(i.SVC_Handler)
    SysTick_CLKSourceConfig                  0x08002a61   Thumb Code    24  misc.o(i.SysTick_CLKSourceConfig)
    SysTick_Handler                          0x08002a79   Thumb Code     2  stm32f10x_it.o(i.SysTick_Handler)
    SystemInit                               0x08002a7d   Thumb Code    64  system_stm32f10x.o(i.SystemInit)
    TIM6_IRQHandler                          0x08002bb5   Thumb Code    36  ax_tim.o(i.TIM6_IRQHandler)
    TIM_ARRPreloadConfig                     0x08002be1   Thumb Code    20  stm32f10x_tim.o(i.TIM_ARRPreloadConfig)
    TIM_ClearFlag                            0x08002bf5   Thumb Code     6  stm32f10x_tim.o(i.TIM_ClearFlag)
    TIM_ClearITPendingBit                    0x08002bfb   Thumb Code     6  stm32f10x_tim.o(i.TIM_ClearITPendingBit)
    TIM_Cmd                                  0x08002c01   Thumb Code    20  stm32f10x_tim.o(i.TIM_Cmd)
    TIM_CtrlPWMOutputs                       0x08002c15   Thumb Code    22  stm32f10x_tim.o(i.TIM_CtrlPWMOutputs)
    TIM_DeInit                               0x08002c2d   Thumb Code   304  stm32f10x_tim.o(i.TIM_DeInit)
    TIM_EncoderInterfaceConfig               0x08002d9d   Thumb Code    50  stm32f10x_tim.o(i.TIM_EncoderInterfaceConfig)
    TIM_GetCounter                           0x08002dcf   Thumb Code     4  stm32f10x_tim.o(i.TIM_GetCounter)
    TIM_GetITStatus                          0x08002dd3   Thumb Code    24  stm32f10x_tim.o(i.TIM_GetITStatus)
    TIM_ICInit                               0x08002ded   Thumb Code   278  stm32f10x_tim.o(i.TIM_ICInit)
    TIM_ICStructInit                         0x08002f19   Thumb Code    16  stm32f10x_tim.o(i.TIM_ICStructInit)
    TIM_ITConfig                             0x08002f29   Thumb Code    16  stm32f10x_tim.o(i.TIM_ITConfig)
    TIM_OC1Init                              0x08002f39   Thumb Code   106  stm32f10x_tim.o(i.TIM_OC1Init)
    TIM_OC1PreloadConfig                     0x08002fb9   Thumb Code    12  stm32f10x_tim.o(i.TIM_OC1PreloadConfig)
    TIM_OC2Init                              0x08002fc5   Thumb Code   120  stm32f10x_tim.o(i.TIM_OC2Init)
    TIM_OC2PreloadConfig                     0x08003045   Thumb Code    20  stm32f10x_tim.o(i.TIM_OC2PreloadConfig)
    TIM_OC3Init                              0x08003059   Thumb Code   116  stm32f10x_tim.o(i.TIM_OC3Init)
    TIM_OC3PreloadConfig                     0x080030d5   Thumb Code    12  stm32f10x_tim.o(i.TIM_OC3PreloadConfig)
    TIM_OC4Init                              0x080030e1   Thumb Code    90  stm32f10x_tim.o(i.TIM_OC4Init)
    TIM_OC4PreloadConfig                     0x08003145   Thumb Code    20  stm32f10x_tim.o(i.TIM_OC4PreloadConfig)
    TIM_SetCompare1                          0x08003159   Thumb Code     4  stm32f10x_tim.o(i.TIM_SetCompare1)
    TIM_SetCompare2                          0x0800315d   Thumb Code     4  stm32f10x_tim.o(i.TIM_SetCompare2)
    TIM_SetCompare3                          0x08003161   Thumb Code     4  stm32f10x_tim.o(i.TIM_SetCompare3)
    TIM_SetCompare4                          0x08003165   Thumb Code     6  stm32f10x_tim.o(i.TIM_SetCompare4)
    TIM_SetCounter                           0x0800316b   Thumb Code     4  stm32f10x_tim.o(i.TIM_SetCounter)
    TIM_SetIC1Prescaler                      0x0800316f   Thumb Code    16  stm32f10x_tim.o(i.TIM_SetIC1Prescaler)
    TIM_SetIC2Prescaler                      0x0800317f   Thumb Code    24  stm32f10x_tim.o(i.TIM_SetIC2Prescaler)
    TIM_SetIC3Prescaler                      0x08003197   Thumb Code    16  stm32f10x_tim.o(i.TIM_SetIC3Prescaler)
    TIM_SetIC4Prescaler                      0x080031a7   Thumb Code    24  stm32f10x_tim.o(i.TIM_SetIC4Prescaler)
    TIM_TimeBaseInit                         0x080031c1   Thumb Code   114  stm32f10x_tim.o(i.TIM_TimeBaseInit)
    TIM_TimeBaseStructInit                   0x0800325d   Thumb Code    18  stm32f10x_tim.o(i.TIM_TimeBaseStructInit)
    USART1_IRQHandler                        0x08003271   Thumb Code   142  ax_uart_db.o(i.USART1_IRQHandler)
    USART2_IRQHandler                        0x0800330d   Thumb Code   274  ax_uart_pi.o(i.USART2_IRQHandler)
    USART_Cmd                                0x08003445   Thumb Code    20  stm32f10x_usart.o(i.USART_Cmd)
    USART_GetFlagStatus                      0x08003459   Thumb Code    14  stm32f10x_usart.o(i.USART_GetFlagStatus)
    USART_GetITStatus                        0x08003467   Thumb Code    62  stm32f10x_usart.o(i.USART_GetITStatus)
    USART_ITConfig                           0x080034a5   Thumb Code    48  stm32f10x_usart.o(i.USART_ITConfig)
    USART_Init                               0x080034d5   Thumb Code   166  stm32f10x_usart.o(i.USART_Init)
    USART_ReceiveData                        0x08003581   Thumb Code     8  stm32f10x_usart.o(i.USART_ReceiveData)
    USART_SendData                           0x08003589   Thumb Code     8  stm32f10x_usart.o(i.USART_SendData)
    UsageFault_Handler                       0x08003591   Thumb Code     2  stm32f10x_it.o(i.UsageFault_Handler)
    __0printf$1                              0x08003595   Thumb Code    22  printf1.o(i.__0printf$1)
    __1printf$1                              0x08003595   Thumb Code     0  printf1.o(i.__0printf$1)
    __2printf                                0x08003595   Thumb Code     0  printf1.o(i.__0printf$1)
    __ARM_fpclassify                         0x080035b5   Thumb Code    40  fpclassify.o(i.__ARM_fpclassify)
    __ieee754_rem_pio2                       0x080035dd   Thumb Code   828  rred.o(i.__ieee754_rem_pio2)
    __kernel_cos                             0x08003965   Thumb Code   230  cos_i.o(i.__kernel_cos)
    __kernel_poly                            0x08003a61   Thumb Code   170  poly.o(i.__kernel_poly)
    __kernel_sin                             0x08003b0d   Thumb Code   224  sin_i.o(i.__kernel_sin)
    __mathlib_dbl_infnan                     0x08003bf9   Thumb Code     6  dunder.o(i.__mathlib_dbl_infnan)
    __mathlib_dbl_infnan2                    0x08003bff   Thumb Code     4  dunder.o(i.__mathlib_dbl_infnan2)
    __mathlib_dbl_invalid                    0x08003c03   Thumb Code    12  dunder.o(i.__mathlib_dbl_invalid)
    __mathlib_dbl_underflow                  0x08003c11   Thumb Code    10  dunder.o(i.__mathlib_dbl_underflow)
    __scatterload_copy                       0x08003c21   Thumb Code    14  handlers.o(i.__scatterload_copy)
    __scatterload_null                       0x08003c2f   Thumb Code     2  handlers.o(i.__scatterload_null)
    __scatterload_zeroinit                   0x08003c31   Thumb Code    14  handlers.o(i.__scatterload_zeroinit)
    __set_errno                              0x08003c41   Thumb Code     6  errno.o(i.__set_errno)
    asin                                     0x08003e1d   Thumb Code   572  asin.o(i.asin)
    atan                                     0x0800408d   Thumb Code   474  atan.o(i.atan)
    atan2                                    0x080042ad   Thumb Code   346  atan2.o(i.atan2)
    cos                                      0x0800442d   Thumb Code   148  cos.o(i.cos)
    dmp_enable_6x_lp_quat                    0x080044c9   Thumb Code    58  inv_mpu_dmp_motion_driver.o(i.dmp_enable_6x_lp_quat)
    dmp_enable_feature                       0x08004505   Thumb Code   468  inv_mpu_dmp_motion_driver.o(i.dmp_enable_feature)
    dmp_enable_gyro_cal                      0x080046e1   Thumb Code    32  inv_mpu_dmp_motion_driver.o(i.dmp_enable_gyro_cal)
    dmp_enable_lp_quat                       0x08004719   Thumb Code    58  inv_mpu_dmp_motion_driver.o(i.dmp_enable_lp_quat)
    dmp_load_motion_driver_firmware          0x08004755   Thumb Code    16  inv_mpu_dmp_motion_driver.o(i.dmp_load_motion_driver_firmware)
    dmp_read_fifo                            0x08004769   Thumb Code   324  inv_mpu_dmp_motion_driver.o(i.dmp_read_fifo)
    dmp_set_accel_bias                       0x080048b1   Thumb Code   210  inv_mpu_dmp_motion_driver.o(i.dmp_set_accel_bias)
    dmp_set_fifo_rate                        0x08004989   Thumb Code    82  inv_mpu_dmp_motion_driver.o(i.dmp_set_fifo_rate)
    dmp_set_gyro_bias                        0x080049ed   Thumb Code   196  inv_mpu_dmp_motion_driver.o(i.dmp_set_gyro_bias)
    dmp_set_orientation                      0x08004ab9   Thumb Code   246  inv_mpu_dmp_motion_driver.o(i.dmp_set_orientation)
    dmp_set_shake_reject_thresh              0x08004bc5   Thumb Code    48  inv_mpu_dmp_motion_driver.o(i.dmp_set_shake_reject_thresh)
    dmp_set_shake_reject_time                0x08004bf5   Thumb Code    32  inv_mpu_dmp_motion_driver.o(i.dmp_set_shake_reject_time)
    dmp_set_shake_reject_timeout             0x08004c15   Thumb Code    32  inv_mpu_dmp_motion_driver.o(i.dmp_set_shake_reject_timeout)
    dmp_set_tap_axes                         0x08004c35   Thumb Code    64  inv_mpu_dmp_motion_driver.o(i.dmp_set_tap_axes)
    dmp_set_tap_count                        0x08004c75   Thumb Code    34  inv_mpu_dmp_motion_driver.o(i.dmp_set_tap_count)
    dmp_set_tap_thresh                       0x08004c99   Thumb Code   274  inv_mpu_dmp_motion_driver.o(i.dmp_set_tap_thresh)
    dmp_set_tap_time                         0x08004dc1   Thumb Code    32  inv_mpu_dmp_motion_driver.o(i.dmp_set_tap_time)
    dmp_set_tap_time_multi                   0x08004de1   Thumb Code    32  inv_mpu_dmp_motion_driver.o(i.dmp_set_tap_time_multi)
    fputc                                    0x08004e01   Thumb Code    30  ax_uart_db.o(i.fputc)
    main                                     0x08005301   Thumb Code   228  main.o(i.main)
    mpu_configure_fifo                       0x080053f1   Thumb Code    84  inv_mpu.o(i.mpu_configure_fifo)
    mpu_get_accel_fsr                        0x08005449   Thumb Code    54  inv_mpu.o(i.mpu_get_accel_fsr)
    mpu_get_accel_sens                       0x08005485   Thumb Code    62  inv_mpu.o(i.mpu_get_accel_sens)
    mpu_get_gyro_fsr                         0x080054c9   Thumb Code    48  inv_mpu.o(i.mpu_get_gyro_fsr)
    mpu_get_gyro_sens                        0x080054fd   Thumb Code    44  inv_mpu.o(i.mpu_get_gyro_sens)
    mpu_get_lpf                              0x0800553d   Thumb Code    52  inv_mpu.o(i.mpu_get_lpf)
    mpu_get_sample_rate                      0x08005575   Thumb Code    22  inv_mpu.o(i.mpu_get_sample_rate)
    mpu_init                                 0x08005591   Thumb Code   310  inv_mpu.o(i.mpu_init)
    mpu_load_firmware                        0x08005719   Thumb Code   158  inv_mpu.o(i.mpu_load_firmware)
    mpu_lp_accel_mode                        0x080057bd   Thumb Code   178  inv_mpu.o(i.mpu_lp_accel_mode)
    mpu_read_fifo_stream                     0x08005875   Thumb Code   140  inv_mpu.o(i.mpu_read_fifo_stream)
    mpu_read_mem                             0x08005905   Thumb Code    80  inv_mpu.o(i.mpu_read_mem)
    mpu_reset_fifo                           0x08005959   Thumb Code   330  inv_mpu.o(i.mpu_reset_fifo)
    mpu_run_self_test                        0x08005aa9   Thumb Code   234  inv_mpu.o(i.mpu_run_self_test)
    mpu_set_accel_fsr                        0x08005b99   Thumb Code    98  inv_mpu.o(i.mpu_set_accel_fsr)
    mpu_set_bypass                           0x08005c01   Thumb Code   214  inv_mpu.o(i.mpu_set_bypass)
    mpu_set_dmp_state                        0x08005cdd   Thumb Code   114  inv_mpu.o(i.mpu_set_dmp_state)
    mpu_set_gyro_fsr                         0x08005d55   Thumb Code   104  inv_mpu.o(i.mpu_set_gyro_fsr)
    mpu_set_int_latched                      0x08005dc1   Thumb Code    94  inv_mpu.o(i.mpu_set_int_latched)
    mpu_set_lpf                              0x08005e25   Thumb Code   102  inv_mpu.o(i.mpu_set_lpf)
    mpu_set_sample_rate                      0x08005e91   Thumb Code   116  inv_mpu.o(i.mpu_set_sample_rate)
    mpu_set_sensors                          0x08005f09   Thumb Code   178  inv_mpu.o(i.mpu_set_sensors)
    mpu_write_mem                            0x08005fc1   Thumb Code    80  inv_mpu.o(i.mpu_write_mem)
    myget_ms                                 0x08006015   Thumb Code     2  inv_mpu.o(i.myget_ms)
    sin                                      0x080060e5   Thumb Code   150  sin.o(i.sin)
    sqrt                                     0x08006185   Thumb Code    76  sqrt.o(i.sqrt)
    hw                                       0x080061d0   Data          12  inv_mpu.o(.constdata)
    reg                                      0x080061dc   Data          27  inv_mpu.o(.constdata)
    test                                     0x080061f8   Data          40  inv_mpu.o(.constdata)
    __mathlib_zero                           0x08006f30   Data           8  qnan.o(.constdata)
    Region$$Table$$Base                      0x08007078   Number         0  anon$$obj.o(Region$$Table)
    Region$$Table$$Limit                     0x08007098   Number         0  anon$$obj.o(Region$$Table)
    ax_bat_vol                               0x20000002   Data           2  main.o(.data)
    robot_target_speed                       0x20000004   Data           6  main.o(.data)
    ax_encoder_delta_target                  0x2000000a   Data           8  main.o(.data)
    ax_encoder                               0x20000012   Data           8  main.o(.data)
    ax_encoder_delta                         0x2000001a   Data           8  main.o(.data)
    ax_motor_pwm                             0x20000022   Data           8  main.o(.data)
    robot_params                             0x2000002a   Data           4  main.o(.data)
    wheel_track_cali                         0x20000030   Data           4  ax_kinematics.o(.data)
    ticks_per_meter                          0x20000038   Data           8  ax_kinematics.o(.data)
    linear_correction_factor                 0x20000040   Data           8  ax_kinematics.o(.data)
    angular_correction_factor                0x20000048   Data           8  ax_kinematics.o(.data)
    ax_motor_kp                              0x20000058   Data           2  ax_pid.o(.data)
    ax_motor_ki                              0x2000005a   Data           2  ax_pid.o(.data)
    ax_motor_kd                              0x2000005c   Data           2  ax_pid.o(.data)
    ax_flag_tim6                             0x20000098   Data           1  ax_tim.o(.data)
    sensors                                  0x200000a0   Data           2  ax_mpu6050_dmp.o(.data)
    q0                                       0x200000a4   Data           4  ax_mpu6050_dmp.o(.data)
    q1                                       0x200000a8   Data           4  ax_mpu6050_dmp.o(.data)
    q2                                       0x200000ac   Data           4  ax_mpu6050_dmp.o(.data)
    q3                                       0x200000b0   Data           4  ax_mpu6050_dmp.o(.data)
    ax_pitch                                 0x200000b4   Data           4  ax_mpu6050_dmp.o(.data)
    ax_roll                                  0x200000b8   Data           4  ax_mpu6050_dmp.o(.data)
    ax_yaw                                   0x200000bc   Data           4  ax_mpu6050_dmp.o(.data)
    __stdout                                 0x2000010c   Data           4  stdout.o(.data)
    robot_odom                               0x20000114   Data          12  main.o(.bss)
    mpu_data                                 0x2000015c   Data          20  main.o(.bss)
    current_count                            0x20000170   Data          16  ax_kinematics.o(.bss)
    wheel_mult                               0x20000180   Data          16  ax_kinematics.o(.bss)
    __initial_sp                             0x200006c0   Data           0  startup_stm32f10x_hd.o(STACK)



==============================================================================

Memory Map of the image

  Image Entry point : 0x08000131

  Load Region LR_IROM1 (Base: 0x08000000, Size: 0x000071ac, Max: 0x00040000, ABSOLUTE)

    Execution Region ER_IROM1 (Base: 0x08000000, Size: 0x00007098, Max: 0x00040000, ABSOLUTE)

    Base Addr    Size         Type   Attr      Idx    E Section Name        Object

    0x08000000   0x00000130   Data   RO         4226    RESET               startup_stm32f10x_hd.o
    0x08000130   0x00000000   Code   RO         4265  * .ARM.Collect$$$$00000000  mc_w.l(entry.o)
    0x08000130   0x00000004   Code   RO         4622    .ARM.Collect$$$$00000001  mc_w.l(entry2.o)
    0x08000134   0x00000004   Code   RO         4625    .ARM.Collect$$$$00000004  mc_w.l(entry5.o)
    0x08000138   0x00000000   Code   RO         4627    .ARM.Collect$$$$00000008  mc_w.l(entry7b.o)
    0x08000138   0x00000000   Code   RO         4629    .ARM.Collect$$$$0000000A  mc_w.l(entry8b.o)
    0x08000138   0x00000008   Code   RO         4630    .ARM.Collect$$$$0000000B  mc_w.l(entry9a.o)
    0x08000140   0x00000000   Code   RO         4632    .ARM.Collect$$$$0000000D  mc_w.l(entry10a.o)
    0x08000140   0x00000000   Code   RO         4634    .ARM.Collect$$$$0000000F  mc_w.l(entry11a.o)
    0x08000140   0x00000004   Code   RO         4623    .ARM.Collect$$$$00002712  mc_w.l(entry2.o)
    0x08000144   0x00000024   Code   RO         4227    .text               startup_stm32f10x_hd.o
    0x08000168   0x00000062   Code   RO         4268    .text               mc_w.l(ldiv.o)
    0x080001ca   0x00000024   Code   RO         4270    .text               mc_w.l(memseta.o)
    0x080001ee   0x0000001a   Code   RO         4272    .text               mc_w.l(memcmp.o)
    0x08000208   0x000000b0   Code   RO         4535    .text               mf_w.l(fadd.o)
    0x080002b8   0x00000064   Code   RO         4537    .text               mf_w.l(fmul.o)
    0x0800031c   0x0000007c   Code   RO         4539    .text               mf_w.l(fdiv.o)
    0x08000398   0x00000018   Code   RO         4541    .text               mf_w.l(fscalb.o)
    0x080003b0   0x0000014e   Code   RO         4543    .text               mf_w.l(dadd.o)
    0x080004fe   0x000000e4   Code   RO         4545    .text               mf_w.l(dmul.o)
    0x080005e2   0x000000de   Code   RO         4547    .text               mf_w.l(ddiv.o)
    0x080006c0   0x0000002e   Code   RO         4549    .text               mf_w.l(dscalb.o)
    0x080006ee   0x00000012   Code   RO         4551    .text               mf_w.l(fflti.o)
    0x08000700   0x0000000a   Code   RO         4553    .text               mf_w.l(ffltui.o)
    0x0800070a   0x00000022   Code   RO         4555    .text               mf_w.l(dflti.o)
    0x0800072c   0x00000032   Code   RO         4557    .text               mf_w.l(ffixi.o)
    0x0800075e   0x00000028   Code   RO         4559    .text               mf_w.l(ffixui.o)
    0x08000786   0x0000003e   Code   RO         4561    .text               mf_w.l(dfixi.o)
    0x080007c4   0x00000026   Code   RO         4563    .text               mf_w.l(f2d.o)
    0x080007ea   0x00000002   PAD
    0x080007ec   0x00000030   Code   RO         4565    .text               mf_w.l(cdcmple.o)
    0x0800081c   0x00000030   Code   RO         4567    .text               mf_w.l(cdrcmple.o)
    0x0800084c   0x00000038   Code   RO         4569    .text               mf_w.l(d2f.o)
    0x08000884   0x0000002c   Code   RO         4637    .text               mc_w.l(uidiv.o)
    0x080008b0   0x00000062   Code   RO         4639    .text               mc_w.l(uldiv.o)
    0x08000912   0x0000001e   Code   RO         4641    .text               mc_w.l(llshl.o)
    0x08000930   0x00000020   Code   RO         4643    .text               mc_w.l(llushr.o)
    0x08000950   0x00000024   Code   RO         4645    .text               mc_w.l(llsshr.o)
    0x08000974   0x00000000   Code   RO         4654    .text               mc_w.l(iusefp.o)
    0x08000974   0x0000006e   Code   RO         4655    .text               mf_w.l(fepilogue.o)
    0x080009e2   0x000000ba   Code   RO         4657    .text               mf_w.l(depilogue.o)
    0x08000a9c   0x00000024   Code   RO         4661    .text               mc_w.l(init.o)
    0x08000ac0   0x000000a2   Code   RO         4663    .text               mf_w.l(dsqrt.o)
    0x08000b62   0x0000001a   Code   RO         4665    .text               mf_w.l(dfltui.o)
    0x08000b7c   0x00000014   Code   RO         1306    i.ADC_Cmd           stm32f10x_adc.o
    0x08000b90   0x0000000e   Code   RO         1314    i.ADC_GetCalibrationStatus  stm32f10x_adc.o
    0x08000b9e   0x00000006   Code   RO         1315    i.ADC_GetConversionValue  stm32f10x_adc.o
    0x08000ba4   0x0000000e   Code   RO         1317    i.ADC_GetFlagStatus  stm32f10x_adc.o
    0x08000bb2   0x0000000e   Code   RO         1320    i.ADC_GetResetCalibrationStatus  stm32f10x_adc.o
    0x08000bc0   0x00000048   Code   RO         1324    i.ADC_Init          stm32f10x_adc.o
    0x08000c08   0x00000074   Code   RO         1328    i.ADC_RegularChannelConfig  stm32f10x_adc.o
    0x08000c7c   0x0000000a   Code   RO         1329    i.ADC_ResetCalibration  stm32f10x_adc.o
    0x08000c86   0x00000014   Code   RO         1331    i.ADC_SoftwareStartConvCmd  stm32f10x_adc.o
    0x08000c9a   0x0000000a   Code   RO         1333    i.ADC_StartCalibration  stm32f10x_adc.o
    0x08000ca4   0x00000008   Code   RO          331    i.AX_DELAY_Init     ax_delay.o
    0x08000cac   0x00000034   Code   RO          332    i.AX_Delayms        ax_delay.o
    0x08000ce0   0x0000002c   Code   RO          333    i.AX_Delayus        ax_delay.o
    0x08000d0c   0x00000008   Code   RO          360    i.AX_ENCODER_AB_GetCounter  ax_encoder.o
    0x08000d14   0x000000ac   Code   RO          361    i.AX_ENCODER_AB_Init  ax_encoder.o
    0x08000dc0   0x00000008   Code   RO          362    i.AX_ENCODER_AB_SetCounter  ax_encoder.o
    0x08000dc8   0x0000000c   Code   RO          363    i.AX_ENCODER_CD_GetCounter  ax_encoder.o
    0x08000dd4   0x000000a0   Code   RO          364    i.AX_ENCODER_CD_Init  ax_encoder.o
    0x08000e74   0x0000000c   Code   RO          365    i.AX_ENCODER_CD_SetCounter  ax_encoder.o
    0x08000e80   0x0000000c   Code   RO          366    i.AX_ENCODER_EF_GetCounter  ax_encoder.o
    0x08000e8c   0x00000094   Code   RO          367    i.AX_ENCODER_EF_Init  ax_encoder.o
    0x08000f20   0x0000000c   Code   RO          368    i.AX_ENCODER_EF_SetCounter  ax_encoder.o
    0x08000f2c   0x0000000c   Code   RO          369    i.AX_ENCODER_GH_GetCounter  ax_encoder.o
    0x08000f38   0x00000090   Code   RO          370    i.AX_ENCODER_GH_Init  ax_encoder.o
    0x08000fc8   0x0000000c   Code   RO          371    i.AX_ENCODER_GH_SetCounter  ax_encoder.o
    0x08000fd4   0x00000028   Code   RO          486    i.AX_JTAG_Set       ax_sys.o
    0x08000ffc   0x00000320   Code   RO          269    i.AX_Kinematics_Forward  ax_kinematics.o
    0x0800131c   0x00000098   Code   RO          270    i.AX_Kinematics_Init  ax_kinematics.o
    0x080013b4   0x00000110   Code   RO          271    i.AX_Kinematics_Inverse  ax_kinematics.o
    0x080014c4   0x00000050   Code   RO          438    i.AX_LED_Init       ax_led.o
    0x08001514   0x00000064   Code   RO          450    i.AX_MOTOR_A_SetSpeed  ax_motor.o
    0x08001578   0x00000064   Code   RO          451    i.AX_MOTOR_B_SetSpeed  ax_motor.o
    0x080015dc   0x00000064   Code   RO          452    i.AX_MOTOR_C_SetSpeed  ax_motor.o
    0x08001640   0x0000006c   Code   RO          453    i.AX_MOTOR_D_SetSpeed  ax_motor.o
    0x080016ac   0x00000130   Code   RO          454    i.AX_MOTOR_Init     ax_motor.o
    0x080017dc   0x000001e4   Code   RO          759    i.AX_MPU6050_DMP_GetData  ax_mpu6050_dmp.o
    0x080019c0   0x000001b0   Code   RO          760    i.AX_MPU6050_DMP_Init  ax_mpu6050_dmp.o
    0x08001b70   0x00000074   Code   RO          631    i.AX_MPU6050_Init   ax_mpu6050.o
    0x08001be4   0x000000a4   Code   RO          298    i.AX_PID_MotorVelocityCtlA  ax_pid.o
    0x08001c88   0x000000a4   Code   RO          299    i.AX_PID_MotorVelocityCtlB  ax_pid.o
    0x08001d2c   0x000000a4   Code   RO          300    i.AX_PID_MotorVelocityCtlC  ax_pid.o
    0x08001dd0   0x000000a4   Code   RO          301    i.AX_PID_MotorVelocityCtlD  ax_pid.o
    0x08001e74   0x0000008c   Code   RO            1    i.AX_ROBOT_BatteryManagement  main.o
    0x08001f00   0x000000e4   Code   RO            3    i.AX_ROBOT_MoveCtl  main.o
    0x08001fe4   0x00000104   Code   RO            4    i.AX_ROBOT_SendDataToPi  main.o
    0x080020e8   0x00000018   Code   RO          498    i.AX_TIM6_CheckIrqStatus  ax_tim.o
    0x08002100   0x00000020   Code   RO          499    i.AX_TIM6_Cmd       ax_tim.o
    0x08002120   0x00000068   Code   RO          500    i.AX_TIM6_Init      ax_tim.o
    0x08002188   0x000000a8   Code   RO          532    i.AX_UART_DB_Init   ax_uart_db.o
    0x08002230   0x000000a4   Code   RO          576    i.AX_UART_PI_Init   ax_uart_pi.o
    0x080022d4   0x00000074   Code   RO          577    i.AX_UART_PI_SendPacket  ax_uart_pi.o
    0x08002348   0x00000034   Code   RO          604    i.AX_VIN_GetVol_X100  ax_vin.o
    0x0800237c   0x00000090   Code   RO          605    i.AX_VIN_Init       ax_vin.o
    0x0800240c   0x00000002   Code   RO          177    i.BusFault_Handler  stm32f10x_it.o
    0x0800240e   0x00000002   Code   RO          178    i.DebugMon_Handler  stm32f10x_it.o
    0x08002410   0x0000002e   Code   RO          334    i.Delay_ms          ax_delay.o
    0x0800243e   0x0000009c   Code   RO         2413    i.GPIO_Init         stm32f10x_gpio.o
    0x080024da   0x00000002   PAD
    0x080024dc   0x00000058   Code   RO         2415    i.GPIO_PinRemapConfig  stm32f10x_gpio.o
    0x08002534   0x0000000e   Code   RO         2417    i.GPIO_ReadInputDataBit  stm32f10x_gpio.o
    0x08002542   0x00000004   Code   RO         2420    i.GPIO_ResetBits    stm32f10x_gpio.o
    0x08002546   0x00000004   Code   RO         2421    i.GPIO_SetBits      stm32f10x_gpio.o
    0x0800254a   0x0000000a   Code   RO         2424    i.GPIO_WriteBit     stm32f10x_gpio.o
    0x08002554   0x00000002   Code   RO          179    i.HardFault_Handler  stm32f10x_it.o
    0x08002556   0x00000002   PAD
    0x08002558   0x000000b8   Code   RO          636    i.IIC_Read_Byte     ax_mpu6050.o
    0x08002610   0x00000060   Code   RO          637    i.IIC_Send_Byte     ax_mpu6050.o
    0x08002670   0x00000050   Code   RO          638    i.IIC_Start         ax_mpu6050.o
    0x080026c0   0x00000040   Code   RO          639    i.IIC_Stop          ax_mpu6050.o
    0x08002700   0x00000058   Code   RO          640    i.IIC_Wait_Ack      ax_mpu6050.o
    0x08002758   0x0000006e   Code   RO          641    i.MPU6050_I2C_Read  ax_mpu6050.o
    0x080027c6   0x00000054   Code   RO          642    i.MPU6050_I2C_Write  ax_mpu6050.o
    0x0800281a   0x00000010   Code   RO          644    i.MPU6050_WriteRegister  ax_mpu6050.o
    0x0800282a   0x00000002   Code   RO          180    i.MemManage_Handler  stm32f10x_it.o
    0x0800282c   0x00000002   Code   RO          181    i.NMI_Handler       stm32f10x_it.o
    0x0800282e   0x00000002   PAD
    0x08002830   0x00000064   Code   RO         1264    i.NVIC_Init         misc.o
    0x08002894   0x00000014   Code   RO         1265    i.NVIC_PriorityGroupConfig  misc.o
    0x080028a8   0x00000002   Code   RO          182    i.PendSV_Handler    stm32f10x_it.o
    0x080028aa   0x00000002   PAD
    0x080028ac   0x00000014   Code   RO         2827    i.RCC_ADCCLKConfig  stm32f10x_rcc.o
    0x080028c0   0x00000018   Code   RO         2829    i.RCC_APB1PeriphClockCmd  stm32f10x_rcc.o
    0x080028d8   0x00000018   Code   RO         2830    i.RCC_APB1PeriphResetCmd  stm32f10x_rcc.o
    0x080028f0   0x00000018   Code   RO         2831    i.RCC_APB2PeriphClockCmd  stm32f10x_rcc.o
    0x08002908   0x00000018   Code   RO         2832    i.RCC_APB2PeriphResetCmd  stm32f10x_rcc.o
    0x08002920   0x00000094   Code   RO         2839    i.RCC_GetClocksFreq  stm32f10x_rcc.o
    0x080029b4   0x00000002   Code   RO          183    i.SVC_Handler       stm32f10x_it.o
    0x080029b6   0x00000002   PAD
    0x080029b8   0x000000a8   Code   RO          240    i.SetSysClockTo72   system_stm32f10x.o
    0x08002a60   0x00000018   Code   RO         1268    i.SysTick_CLKSourceConfig  misc.o
    0x08002a78   0x00000002   Code   RO          184    i.SysTick_Handler   stm32f10x_it.o
    0x08002a7a   0x00000002   PAD
    0x08002a7c   0x00000050   Code   RO          242    i.SystemInit        system_stm32f10x.o
    0x08002acc   0x0000006c   Code   RO         3446    i.TI1_Config        stm32f10x_tim.o
    0x08002b38   0x0000007c   Code   RO         3447    i.TI2_Config        stm32f10x_tim.o
    0x08002bb4   0x0000002c   Code   RO          501    i.TIM6_IRQHandler   ax_tim.o
    0x08002be0   0x00000014   Code   RO         3448    i.TIM_ARRPreloadConfig  stm32f10x_tim.o
    0x08002bf4   0x00000006   Code   RO         3454    i.TIM_ClearFlag     stm32f10x_tim.o
    0x08002bfa   0x00000006   Code   RO         3455    i.TIM_ClearITPendingBit  stm32f10x_tim.o
    0x08002c00   0x00000014   Code   RO         3460    i.TIM_Cmd           stm32f10x_tim.o
    0x08002c14   0x00000016   Code   RO         3462    i.TIM_CtrlPWMOutputs  stm32f10x_tim.o
    0x08002c2a   0x00000002   PAD
    0x08002c2c   0x00000170   Code   RO         3465    i.TIM_DeInit        stm32f10x_tim.o
    0x08002d9c   0x00000032   Code   RO         3469    i.TIM_EncoderInterfaceConfig  stm32f10x_tim.o
    0x08002dce   0x00000004   Code   RO         3479    i.TIM_GetCounter    stm32f10x_tim.o
    0x08002dd2   0x00000018   Code   RO         3481    i.TIM_GetITStatus   stm32f10x_tim.o
    0x08002dea   0x00000002   PAD
    0x08002dec   0x0000012c   Code   RO         3483    i.TIM_ICInit        stm32f10x_tim.o
    0x08002f18   0x00000010   Code   RO         3484    i.TIM_ICStructInit  stm32f10x_tim.o
    0x08002f28   0x00000010   Code   RO         3485    i.TIM_ITConfig      stm32f10x_tim.o
    0x08002f38   0x00000080   Code   RO         3489    i.TIM_OC1Init       stm32f10x_tim.o
    0x08002fb8   0x0000000c   Code   RO         3492    i.TIM_OC1PreloadConfig  stm32f10x_tim.o
    0x08002fc4   0x00000080   Code   RO         3494    i.TIM_OC2Init       stm32f10x_tim.o
    0x08003044   0x00000014   Code   RO         3497    i.TIM_OC2PreloadConfig  stm32f10x_tim.o
    0x08003058   0x0000007c   Code   RO         3499    i.TIM_OC3Init       stm32f10x_tim.o
    0x080030d4   0x0000000c   Code   RO         3502    i.TIM_OC3PreloadConfig  stm32f10x_tim.o
    0x080030e0   0x00000064   Code   RO         3504    i.TIM_OC4Init       stm32f10x_tim.o
    0x08003144   0x00000014   Code   RO         3506    i.TIM_OC4PreloadConfig  stm32f10x_tim.o
    0x08003158   0x00000004   Code   RO         3521    i.TIM_SetCompare1   stm32f10x_tim.o
    0x0800315c   0x00000004   Code   RO         3522    i.TIM_SetCompare2   stm32f10x_tim.o
    0x08003160   0x00000004   Code   RO         3523    i.TIM_SetCompare3   stm32f10x_tim.o
    0x08003164   0x00000006   Code   RO         3524    i.TIM_SetCompare4   stm32f10x_tim.o
    0x0800316a   0x00000004   Code   RO         3525    i.TIM_SetCounter    stm32f10x_tim.o
    0x0800316e   0x00000010   Code   RO         3526    i.TIM_SetIC1Prescaler  stm32f10x_tim.o
    0x0800317e   0x00000018   Code   RO         3527    i.TIM_SetIC2Prescaler  stm32f10x_tim.o
    0x08003196   0x00000010   Code   RO         3528    i.TIM_SetIC3Prescaler  stm32f10x_tim.o
    0x080031a6   0x00000018   Code   RO         3529    i.TIM_SetIC4Prescaler  stm32f10x_tim.o
    0x080031be   0x00000002   PAD
    0x080031c0   0x0000009c   Code   RO         3531    i.TIM_TimeBaseInit  stm32f10x_tim.o
    0x0800325c   0x00000012   Code   RO         3532    i.TIM_TimeBaseStructInit  stm32f10x_tim.o
    0x0800326e   0x00000002   PAD
    0x08003270   0x0000009c   Code   RO          534    i.USART1_IRQHandler  ax_uart_db.o
    0x0800330c   0x00000138   Code   RO          578    i.USART2_IRQHandler  ax_uart_pi.o
    0x08003444   0x00000014   Code   RO         3983    i.USART_Cmd         stm32f10x_usart.o
    0x08003458   0x0000000e   Code   RO         3986    i.USART_GetFlagStatus  stm32f10x_usart.o
    0x08003466   0x0000003e   Code   RO         3987    i.USART_GetITStatus  stm32f10x_usart.o
    0x080034a4   0x00000030   Code   RO         3989    i.USART_ITConfig    stm32f10x_usart.o
    0x080034d4   0x000000ac   Code   RO         3990    i.USART_Init        stm32f10x_usart.o
    0x08003580   0x00000008   Code   RO         3997    i.USART_ReceiveData  stm32f10x_usart.o
    0x08003588   0x00000008   Code   RO         4000    i.USART_SendData    stm32f10x_usart.o
    0x08003590   0x00000002   Code   RO          185    i.UsageFault_Handler  stm32f10x_it.o
    0x08003592   0x00000002   PAD
    0x08003594   0x00000020   Code   RO         4319    i.__0printf$1       mc_w.l(printf1.o)
    0x080035b4   0x00000028   Code   RO         4598    i.__ARM_fpclassify  m_ws.l(fpclassify.o)
    0x080035dc   0x00000388   Code   RO         4603    i.__ieee754_rem_pio2  m_ws.l(rred.o)
    0x08003964   0x000000fc   Code   RO         4581    i.__kernel_cos      m_ws.l(cos_i.o)
    0x08003a60   0x000000aa   Code   RO         4600    i.__kernel_poly     m_ws.l(poly.o)
    0x08003b0a   0x00000002   PAD
    0x08003b0c   0x000000ec   Code   RO         4608    i.__kernel_sin      m_ws.l(sin_i.o)
    0x08003bf8   0x00000006   Code   RO         4585    i.__mathlib_dbl_infnan  m_ws.l(dunder.o)
    0x08003bfe   0x00000004   Code   RO         4586    i.__mathlib_dbl_infnan2  m_ws.l(dunder.o)
    0x08003c02   0x0000000c   Code   RO         4587    i.__mathlib_dbl_invalid  m_ws.l(dunder.o)
    0x08003c0e   0x00000002   PAD
    0x08003c10   0x00000010   Code   RO         4590    i.__mathlib_dbl_underflow  m_ws.l(dunder.o)
    0x08003c20   0x0000000e   Code   RO         4669    i.__scatterload_copy  mc_w.l(handlers.o)
    0x08003c2e   0x00000002   Code   RO         4670    i.__scatterload_null  mc_w.l(handlers.o)
    0x08003c30   0x0000000e   Code   RO         4671    i.__scatterload_zeroinit  mc_w.l(handlers.o)
    0x08003c3e   0x00000002   PAD
    0x08003c40   0x0000000c   Code   RO         4649    i.__set_errno       mc_w.l(errno.o)
    0x08003c4c   0x00000154   Code   RO         4326    i._printf_core      mc_w.l(printf1.o)
    0x08003da0   0x0000007c   Code   RO          796    i.accel_self_test   inv_mpu.o
    0x08003e1c   0x00000270   Code   RO         4232    i.asin              m_ws.l(asin.o)
    0x0800408c   0x00000220   Code   RO         4572    i.atan              m_ws.l(atan.o)
    0x080042ac   0x00000180   Code   RO         4242    i.atan2             m_ws.l(atan2.o)
    0x0800442c   0x0000009c   Code   RO         4250    i.cos               m_ws.l(cos.o)
    0x080044c8   0x0000003a   Code   RO         1091    i.dmp_enable_6x_lp_quat  inv_mpu_dmp_motion_driver.o
    0x08004502   0x00000002   PAD
    0x08004504   0x000001dc   Code   RO         1092    i.dmp_enable_feature  inv_mpu_dmp_motion_driver.o
    0x080046e0   0x00000038   Code   RO         1093    i.dmp_enable_gyro_cal  inv_mpu_dmp_motion_driver.o
    0x08004718   0x0000003a   Code   RO         1094    i.dmp_enable_lp_quat  inv_mpu_dmp_motion_driver.o
    0x08004752   0x00000002   PAD
    0x08004754   0x00000014   Code   RO         1099    i.dmp_load_motion_driver_firmware  inv_mpu_dmp_motion_driver.o
    0x08004768   0x00000148   Code   RO         1100    i.dmp_read_fifo     inv_mpu_dmp_motion_driver.o
    0x080048b0   0x000000d8   Code   RO         1103    i.dmp_set_accel_bias  inv_mpu_dmp_motion_driver.o
    0x08004988   0x00000064   Code   RO         1104    i.dmp_set_fifo_rate  inv_mpu_dmp_motion_driver.o
    0x080049ec   0x000000cc   Code   RO         1105    i.dmp_set_gyro_bias  inv_mpu_dmp_motion_driver.o
    0x08004ab8   0x0000010c   Code   RO         1107    i.dmp_set_orientation  inv_mpu_dmp_motion_driver.o
    0x08004bc4   0x00000030   Code   RO         1110    i.dmp_set_shake_reject_thresh  inv_mpu_dmp_motion_driver.o
    0x08004bf4   0x00000020   Code   RO         1111    i.dmp_set_shake_reject_time  inv_mpu_dmp_motion_driver.o
    0x08004c14   0x00000020   Code   RO         1112    i.dmp_set_shake_reject_timeout  inv_mpu_dmp_motion_driver.o
    0x08004c34   0x00000040   Code   RO         1113    i.dmp_set_tap_axes  inv_mpu_dmp_motion_driver.o
    0x08004c74   0x00000022   Code   RO         1114    i.dmp_set_tap_count  inv_mpu_dmp_motion_driver.o
    0x08004c96   0x00000002   PAD
    0x08004c98   0x00000128   Code   RO         1115    i.dmp_set_tap_thresh  inv_mpu_dmp_motion_driver.o
    0x08004dc0   0x00000020   Code   RO         1116    i.dmp_set_tap_time  inv_mpu_dmp_motion_driver.o
    0x08004de0   0x00000020   Code   RO         1117    i.dmp_set_tap_time_multi  inv_mpu_dmp_motion_driver.o
    0x08004e00   0x00000024   Code   RO          536    i.fputc             ax_uart_db.o
    0x08004e24   0x000000a8   Code   RO          797    i.get_accel_prod_shift  inv_mpu.o
    0x08004ecc   0x00000314   Code   RO          798    i.get_st_biases     inv_mpu.o
    0x080051e0   0x000000d8   Code   RO          799    i.gyro_self_test    inv_mpu.o
    0x080052b8   0x00000048   Code   RO          761    i.inv_row_2_scale   ax_mpu6050_dmp.o
    0x08005300   0x000000f0   Code   RO            5    i.main              main.o
    0x080053f0   0x00000058   Code   RO          800    i.mpu_configure_fifo  inv_mpu.o
    0x08005448   0x0000003c   Code   RO          801    i.mpu_get_accel_fsr  inv_mpu.o
    0x08005484   0x00000044   Code   RO          803    i.mpu_get_accel_sens  inv_mpu.o
    0x080054c8   0x00000034   Code   RO          809    i.mpu_get_gyro_fsr  inv_mpu.o
    0x080054fc   0x00000040   Code   RO          811    i.mpu_get_gyro_sens  inv_mpu.o
    0x0800553c   0x00000038   Code   RO          813    i.mpu_get_lpf       inv_mpu.o
    0x08005574   0x0000001c   Code   RO          815    i.mpu_get_sample_rate  inv_mpu.o
    0x08005590   0x00000188   Code   RO          817    i.mpu_init          inv_mpu.o
    0x08005718   0x000000a4   Code   RO          818    i.mpu_load_firmware  inv_mpu.o
    0x080057bc   0x000000b8   Code   RO          819    i.mpu_lp_accel_mode  inv_mpu.o
    0x08005874   0x00000090   Code   RO          822    i.mpu_read_fifo_stream  inv_mpu.o
    0x08005904   0x00000054   Code   RO          823    i.mpu_read_mem      inv_mpu.o
    0x08005958   0x00000150   Code   RO          826    i.mpu_reset_fifo    inv_mpu.o
    0x08005aa8   0x000000f0   Code   RO          827    i.mpu_run_self_test  inv_mpu.o
    0x08005b98   0x00000068   Code   RO          829    i.mpu_set_accel_fsr  inv_mpu.o
    0x08005c00   0x000000dc   Code   RO          830    i.mpu_set_bypass    inv_mpu.o
    0x08005cdc   0x00000078   Code   RO          832    i.mpu_set_dmp_state  inv_mpu.o
    0x08005d54   0x0000006c   Code   RO          833    i.mpu_set_gyro_fsr  inv_mpu.o
    0x08005dc0   0x00000064   Code   RO          834    i.mpu_set_int_latched  inv_mpu.o
    0x08005e24   0x0000006c   Code   RO          836    i.mpu_set_lpf       inv_mpu.o
    0x08005e90   0x00000078   Code   RO          837    i.mpu_set_sample_rate  inv_mpu.o
    0x08005f08   0x000000b8   Code   RO          838    i.mpu_set_sensors   inv_mpu.o
    0x08005fc0   0x00000054   Code   RO          839    i.mpu_write_mem     inv_mpu.o
    0x08006014   0x00000002   Code   RO          840    i.myget_ms          inv_mpu.o
    0x08006016   0x0000007a   Code   RO          762    i.run_self_test     ax_mpu6050_dmp.o
    0x08006090   0x00000054   Code   RO          841    i.set_int_enable    inv_mpu.o
    0x080060e4   0x000000a0   Code   RO         4258    i.sin               m_ws.l(sin.o)
    0x08006184   0x0000004c   Code   RO         4615    i.sqrt              m_ws.l(sqrt.o)
    0x080061d0   0x0000000c   Data   RO          842    .constdata          inv_mpu.o
    0x080061dc   0x0000001b   Data   RO          843    .constdata          inv_mpu.o
    0x080061f7   0x00000001   PAD
    0x080061f8   0x00000028   Data   RO          844    .constdata          inv_mpu.o
    0x08006220   0x00000bf6   Data   RO         1119    .constdata          inv_mpu_dmp_motion_driver.o
    0x08006e16   0x00000002   PAD
    0x08006e18   0x00000050   Data   RO         4233    .constdata          m_ws.l(asin.o)
    0x08006e68   0x00000098   Data   RO         4573    .constdata          m_ws.l(atan.o)
    0x08006f00   0x00000030   Data   RO         4582    .constdata          m_ws.l(cos_i.o)
    0x08006f30   0x00000008   Data   RO         4602    .constdata          m_ws.l(qnan.o)
    0x08006f38   0x000000c8   Data   RO         4605    .constdata          m_ws.l(rred.o)
    0x08007000   0x00000028   Data   RO         4609    .constdata          m_ws.l(sin_i.o)
    0x08007028   0x0000004e   Data   RO          845    .conststring        inv_mpu.o
    0x08007076   0x00000002   PAD
    0x08007078   0x00000020   Data   RO         4667    Region$$Table       anon$$obj.o


    Execution Region RW_IRAM1 (Base: 0x20000000, Size: 0x000006c0, Max: 0x0000c000, ABSOLUTE)

    Base Addr    Size         Type   Attr      Idx    E Section Name        Object

    0x20000000   0x0000002a   Data   RW            7    .data               main.o
    0x2000002a   0x00000004   Data   RW            8    .data               main.o
    0x2000002e   0x00000002   PAD
    0x20000030   0x00000028   Data   RW          273    .data               ax_kinematics.o
    0x20000058   0x00000040   Data   RW          302    .data               ax_pid.o
    0x20000098   0x00000001   Data   RW          502    .data               ax_tim.o
    0x20000099   0x00000003   Data   RW          538    .data               ax_uart_db.o
    0x2000009c   0x00000002   Data   RW          580    .data               ax_uart_pi.o
    0x2000009e   0x00000002   PAD
    0x200000a0   0x00000029   Data   RW          763    .data               ax_mpu6050_dmp.o
    0x200000c9   0x00000003   PAD
    0x200000cc   0x0000002c   Data   RW          846    .data               inv_mpu.o
    0x200000f8   0x00000014   Data   RW         2859    .data               stm32f10x_rcc.o
    0x2000010c   0x00000004   Data   RW         4636    .data               mc_w.l(stdout.o)
    0x20000110   0x00000004   Data   RW         4650    .data               mc_w.l(errno.o)
    0x20000114   0x0000005c   Zero   RW            6    .bss                main.o
    0x20000170   0x00000078   Zero   RW          272    .bss                ax_kinematics.o
    0x200001e8   0x00000050   Zero   RW          537    .bss                ax_uart_db.o
    0x20000238   0x00000078   Zero   RW          579    .bss                ax_uart_pi.o
    0x200002b0   0x00000010   Zero   RW         1118    .bss                inv_mpu_dmp_motion_driver.o
    0x200002c0   0x00000400   Zero   RW         4224    STACK               startup_stm32f10x_hd.o


==============================================================================

Image component sizes


      Code (inc. data)   RO Data    RW Data    ZI Data      Debug   Object Name

       150          0          0          0          0       2490   ax_delay.o
       712         80          0          0          0       8044   ax_encoder.o
      1224         90          0         40        120       3920   ax_kinematics.o
        80          8          0          0          0        626   ax_led.o
       712         52          0          0          0       4076   ax_motor.o
       838         52          0          0          0       7661   ax_mpu6050.o
      1110        252          0         41          0       4781   ax_mpu6050_dmp.o
       656         40          0         64          0       3822   ax_pid.o
        40         10          0          0          0        586   ax_sys.o
       204         24          0          1          0       2947   ax_tim.o
       360         28          0          3         80       3198   ax_uart_db.o
       592         54          0          2        120       3804   ax_uart_pi.o
       196         14          0          0          0       1351   ax_vin.o
         0          0          0          0          0         32   core_cm3.o
      4490        274        157         44          0      30506   inv_mpu.o
      2354        116       3062          0         16      22350   inv_mpu_dmp_motion_driver.o
       868         40          0         46         92     269071   main.o
       144         16          0          0          0       2725   misc.o
        36          8        304          0       1024        980   startup_stm32f10x_hd.o
       296         10          0          0          0       9845   stm32f10x_adc.o
       276          6          0          0          0       6238   stm32f10x_gpio.o
        18          0          0          0          0       4846   stm32f10x_it.o
       264         46          0         20          0       7435   stm32f10x_rcc.o
      1904        218          0          0          0      28162   stm32f10x_tim.o
       332          6          0          0          0       7629   stm32f10x_usart.o
       248         24          0          0          0       1921   system_stm32f10x.o

    ----------------------------------------------------------------------
     18132       1468       3560        268       1452     439046   Object Totals
         0          0         32          0          0          0   (incl. Generated)
        28          0          5          7          0          0   (incl. Padding)

    ----------------------------------------------------------------------

      Code (inc. data)   RO Data    RW Data    ZI Data      Debug   Library Member Name

       624         52         80          0          0        168   asin.o
       544         70        152          0          0        124   atan.o
       384         38          0          0          0        144   atan2.o
       156          8          0          0          0        104   cos.o
       252         22         48          0          0        124   cos_i.o
        38          6          0          0          0        272   dunder.o
        40          0          0          0          0         68   fpclassify.o
       170          0          0          0          0         96   poly.o
         0          0          8          0          0          0   qnan.o
       904         76        200          0          0        140   rred.o
       160         10          0          0          0        108   sin.o
       236         12         40          0          0        128   sin_i.o
        76          0          0          0          0         84   sqrt.o
         0          0          0          0          0          0   entry.o
         0          0          0          0          0          0   entry10a.o
         0          0          0          0          0          0   entry11a.o
         8          4          0          0          0          0   entry2.o
         4          0          0          0          0          0   entry5.o
         0          0          0          0          0          0   entry7b.o
         0          0          0          0          0          0   entry8b.o
         8          4          0          0          0          0   entry9a.o
        12          6          0          4          0         68   errno.o
        30          0          0          0          0          0   handlers.o
        36          8          0          0          0         68   init.o
         0          0          0          0          0          0   iusefp.o
        98          0          0          0          0         84   ldiv.o
        30          0          0          0          0         68   llshl.o
        36          0          0          0          0         68   llsshr.o
        32          0          0          0          0         68   llushr.o
        26          0          0          0          0         80   memcmp.o
        36          0          0          0          0        108   memseta.o
       372         14          0          0          0        184   printf1.o
         0          0          0          4          0          0   stdout.o
        44          0          0          0          0         80   uidiv.o
        98          0          0          0          0         92   uldiv.o
        48          0          0          0          0         68   cdcmple.o
        48          0          0          0          0         68   cdrcmple.o
        56          0          0          0          0         88   d2f.o
       334          0          0          0          0        148   dadd.o
       222          0          0          0          0        100   ddiv.o
       186          0          0          0          0        176   depilogue.o
        62          0          0          0          0         80   dfixi.o
        34          0          0          0          0         76   dflti.o
        26          0          0          0          0         76   dfltui.o
       228          0          0          0          0         96   dmul.o
        46          0          0          0          0         80   dscalb.o
       162          0          0          0          0        100   dsqrt.o
        38          0          0          0          0         68   f2d.o
       176          0          0          0          0        140   fadd.o
       124          0          0          0          0         88   fdiv.o
       110          0          0          0          0        168   fepilogue.o
        50          0          0          0          0         68   ffixi.o
        40          0          0          0          0         68   ffixui.o
        18          0          0          0          0         68   fflti.o
        10          0          0          0          0         68   ffltui.o
       100          0          0          0          0         76   fmul.o
        24          0          0          0          0         68   fscalb.o

    ----------------------------------------------------------------------
      6604        330        528          8          0       4564   Library Totals
         8          0          0          0          0          0   (incl. Padding)

    ----------------------------------------------------------------------

      Code (inc. data)   RO Data    RW Data    ZI Data      Debug   Library Name

      3584        294        528          0          0       1560   m_ws.l
       870         36          0          8          0        968   mc_w.l
      2142          0          0          0          0       2036   mf_w.l

    ----------------------------------------------------------------------
      6604        330        528          8          0       4564   Library Totals

    ----------------------------------------------------------------------

==============================================================================


      Code (inc. data)   RO Data    RW Data    ZI Data      Debug   

     24736       1798       4088        276       1452     432010   Grand Totals
     24736       1798       4088        276       1452     432010   ELF Image Totals
     24736       1798       4088        276          0          0   ROM Totals

==============================================================================

    Total RO  Size (Code + RO Data)                28824 (  28.15kB)
    Total RW  Size (RW Data + ZI Data)              1728 (   1.69kB)
    Total ROM Size (Code + RO Data + RW Data)      29100 (  28.42kB)

==============================================================================

