<html>
<body>
<pre>
<h1>礦ision Build Log</h1>
<h2>Tool Versions:</h2>
IDE-Version: μVision V5.18.0.0
Copyright (C) 2016 ARM Ltd and ARM Germany GmbH. All rights reserved.
License Information:  ,  , LIC=BL29U-SRZKU-F13PT-RTWTW-38TH5-3DFT2
 
Tool Versions:
Toolchain:       MDK-ARM Professional  Version: 5.18
Toolchain Path:  E:\Keil_v5\ARM\ARMCC\Bin
C Compiler:      Armcc.exe V5.06 update 1 (build 61)
Assembler:       Armasm.exe V5.06 update 1 (build 61)
Linker/Locator:  ArmLink.exe V5.06 update 1 (build 61)
Library Manager: ArmAr.exe V5.06 update 1 (build 61)
Hex Converter:   FromElf.exe V5.06 update 1 (build 61)
CPU DLL:         SARMCM3.DLL V5.18
Dialog DLL:      DCM.DLL V1.13.6.0
Target DLL:      Segger\JL2CM3.dll V2.99.18.0
Dialog DLL:      TCM.DLL V1.14.8.0
 
<h2>Project:</h2>
G:\2、项目应用篇\3、无人车项目\3、【参考】塔克创新 l nano【最新】\6 l 源码资料\（1）STM32程序源码\OpenCRP4_MECX1NPlus_Program_V1.0.7R\Project\xproject.uvprojx
Project File Date:  02/24/2021

<h2>Output:</h2>
*** Using Compiler 'V5.06 update 1 (build 61)', folder: 'E:\Keil_v5\ARM\ARMCC\Bin'
Rebuild target 'OpenCRP4_MECX1'
compiling ax_motor.c...
compiling ax_mpu6050.c...
compiling ax_delay.c...
compiling ax_kinematics.c...
compiling stm32f10x_it.c...
compiling ax_uart_pi.c...
compiling ax_sys.c...
compiling ax_uart_db.c...
compiling ax_vin.c...
compiling ax_pid.c...
compiling system_stm32f10x.c...
compiling ax_tim.c...
compiling ax_led.c...
compiling main.c...
compiling ax_encoder.c...
compiling ax_mpu6050_dmp.c...
compiling inv_mpu_dmp_motion_driver.c...
compiling misc.c...
compiling stm32f10x_bkp.c...
compiling stm32f10x_cec.c...
compiling stm32f10x_adc.c...
compiling stm32f10x_crc.c...
compiling inv_mpu.c...
compiling stm32f10x_dbgmcu.c...
compiling stm32f10x_exti.c...
compiling stm32f10x_flash.c...
compiling stm32f10x_fsmc.c...
compiling stm32f10x_can.c...
compiling stm32f10x_dma.c...
compiling stm32f10x_dac.c...
compiling stm32f10x_gpio.c...
compiling stm32f10x_i2c.c...
compiling stm32f10x_iwdg.c...
assembling startup_stm32f10x_hd.s...
compiling stm32f10x_pwr.c...
compiling core_cm3.c...
compiling stm32f10x_rtc.c...
compiling stm32f10x_sdio.c...
compiling stm32f10x_spi.c...
compiling stm32f10x_rcc.c...
compiling stm32f10x_wwdg.c...
compiling stm32f10x_usart.c...
compiling stm32f10x_tim.c...
linking...
Program Size: Code=24736 RO-data=4088 RW-data=276 ZI-data=1452  
FromELF: creating hex file...
".\Objects\xproject.axf" - 0 Error(s), 0 Warning(s).

<h2>Collection of Component include folders:</h2>
  G:\2、项目应用篇\3、无人车项目\3、【参考】塔克创新 l nano【最新】\6 l 源码资料\（1）STM32程序源码\OpenCRP4_MECX1NPlus_Program_V1.0.7R\Project\RTE
  E:\Keil_v5\ARM\PACK\Keil\STM32F1xx_DFP\2.2.0\Device\Include

<h2>Collection of Component Files used:</h2>
Build Time Elapsed:  00:00:02
</pre>
</body>
</html>
